running egg_info
creating ../build/mecanumbot_led/mecanumbot_led.egg-info
writing ../build/mecanumbot_led/mecanumbot_led.egg-info/PKG-INFO
writing dependency_links to ../build/mecanumbot_led/mecanumbot_led.egg-info/dependency_links.txt
writing entry points to ../build/mecanumbot_led/mecanumbot_led.egg-info/entry_points.txt
writing requirements to ../build/mecanumbot_led/mecanumbot_led.egg-info/requires.txt
writing top-level names to ../build/mecanumbot_led/mecanumbot_led.egg-info/top_level.txt
writing manifest file '../build/mecanumbot_led/mecanumbot_led.egg-info/SOURCES.txt'
reading manifest file '../build/mecanumbot_led/mecanumbot_led.egg-info/SOURCES.txt'
writing manifest file '../build/mecanumbot_led/mecanumbot_led.egg-info/SOURCES.txt'
running build
running build_py
creating /home/adorjan/github/mecanumbot/build/mecanumbot_led/build
creating /home/adorjan/github/mecanumbot/build/mecanumbot_led/build/lib
creating /home/adorjan/github/mecanumbot/build/mecanumbot_led/build/lib/mecanumbot_led
copying mecanumbot_led/led_control_node.py -> /home/adorjan/github/mecanumbot/build/mecanumbot_led/build/lib/mecanumbot_led
copying mecanumbot_led/__init__.py -> /home/adorjan/github/mecanumbot/build/mecanumbot_led/build/lib/mecanumbot_led
running install
running install_lib
creating /home/adorjan/github/mecanumbot/install/mecanumbot_led/lib/python3.10/site-packages/mecanumbot_led
copying /home/adorjan/github/mecanumbot/build/mecanumbot_led/build/lib/mecanumbot_led/led_control_node.py -> /home/adorjan/github/mecanumbot/install/mecanumbot_led/lib/python3.10/site-packages/mecanumbot_led
copying /home/adorjan/github/mecanumbot/build/mecanumbot_led/build/lib/mecanumbot_led/__init__.py -> /home/adorjan/github/mecanumbot/install/mecanumbot_led/lib/python3.10/site-packages/mecanumbot_led
byte-compiling /home/adorjan/github/mecanumbot/install/mecanumbot_led/lib/python3.10/site-packages/mecanumbot_led/led_control_node.py to led_control_node.cpython-310.pyc
byte-compiling /home/adorjan/github/mecanumbot/install/mecanumbot_led/lib/python3.10/site-packages/mecanumbot_led/__init__.py to __init__.cpython-310.pyc
running install_data
running install_egg_info
Copying ../build/mecanumbot_led/mecanumbot_led.egg-info to /home/adorjan/github/mecanumbot/install/mecanumbot_led/lib/python3.10/site-packages/mecanumbot_led-0.0.1-py3.10.egg-info
running install_scripts
Installing mecanumbot_led_service script to /home/adorjan/github/mecanumbot/install/mecanumbot_led/lib/mecanumbot_led
writing list of installed files to '/home/adorjan/github/mecanumbot/build/mecanumbot_led/install.log'
