[0.621s] Invoking command in '/home/adorjan/github/mecanumbot/mecanumbot_led': AMENT_PREFIX_PATH=/home/adorjan/github/mecanumbot/install/mecanumbot_msgs:${AMENT_PREFIX_PATH} CMAKE_PREFIX_PATH=/home/adorjan/github/mecanumbot/install/mecanumbot_msgs LD_LIBRARY_PATH=/home/adorjan/github/mecanumbot/install/mecanumbot_msgs/lib:/opt/ros/humble/opt/rviz_ogre_vendor/lib:/opt/ros/humble/lib/x86_64-linux-gnu:/opt/ros/humble/lib:/usr/lib/x86_64-linux-gnu/gazebo-11/plugins PYTHONPATH=/home/adorjan/github/mecanumbot/build/mecanumbot_led/prefix_override:/usr/lib/python3/dist-packages/colcon_core/task/python/colcon_distutils_commands:/home/adorjan/github/mecanumbot/install/mecanumbot_led/lib/python3.10/site-packages:/home/adorjan/github/mecanumbot/install/mecanumbot_msgs/local/lib/python3.10/dist-packages:${PYTHONPATH} /usr/bin/python3 -W ignore:setup.py install is deprecated -W ignore:easy_install command is deprecated setup.py egg_info --egg-base ../build/mecanumbot_led build --build-base /home/adorjan/github/mecanumbot/build/mecanumbot_led/build install --record /home/adorjan/github/mecanumbot/build/mecanumbot_led/install.log --single-version-externally-managed install_data
[0.784s] running egg_info
[0.784s] creating ../build/mecanumbot_led/mecanumbot_led.egg-info
[0.784s] writing ../build/mecanumbot_led/mecanumbot_led.egg-info/PKG-INFO
[0.784s] writing dependency_links to ../build/mecanumbot_led/mecanumbot_led.egg-info/dependency_links.txt
[0.784s] writing entry points to ../build/mecanumbot_led/mecanumbot_led.egg-info/entry_points.txt
[0.784s] writing requirements to ../build/mecanumbot_led/mecanumbot_led.egg-info/requires.txt
[0.784s] writing top-level names to ../build/mecanumbot_led/mecanumbot_led.egg-info/top_level.txt
[0.785s] writing manifest file '../build/mecanumbot_led/mecanumbot_led.egg-info/SOURCES.txt'
[0.785s] reading manifest file '../build/mecanumbot_led/mecanumbot_led.egg-info/SOURCES.txt'
[0.786s] writing manifest file '../build/mecanumbot_led/mecanumbot_led.egg-info/SOURCES.txt'
[0.786s] running build
[0.786s] running build_py
[0.786s] creating /home/adorjan/github/mecanumbot/build/mecanumbot_led/build
[0.786s] creating /home/adorjan/github/mecanumbot/build/mecanumbot_led/build/lib
[0.786s] creating /home/adorjan/github/mecanumbot/build/mecanumbot_led/build/lib/mecanumbot_led
[0.786s] copying mecanumbot_led/led_control_node.py -> /home/adorjan/github/mecanumbot/build/mecanumbot_led/build/lib/mecanumbot_led
[0.786s] copying mecanumbot_led/__init__.py -> /home/adorjan/github/mecanumbot/build/mecanumbot_led/build/lib/mecanumbot_led
[0.786s] running install
[0.787s] running install_lib
[0.788s] creating /home/adorjan/github/mecanumbot/install/mecanumbot_led/lib/python3.10/site-packages/mecanumbot_led
[0.788s] copying /home/adorjan/github/mecanumbot/build/mecanumbot_led/build/lib/mecanumbot_led/led_control_node.py -> /home/adorjan/github/mecanumbot/install/mecanumbot_led/lib/python3.10/site-packages/mecanumbot_led
[0.788s] copying /home/adorjan/github/mecanumbot/build/mecanumbot_led/build/lib/mecanumbot_led/__init__.py -> /home/adorjan/github/mecanumbot/install/mecanumbot_led/lib/python3.10/site-packages/mecanumbot_led
[0.788s] byte-compiling /home/adorjan/github/mecanumbot/install/mecanumbot_led/lib/python3.10/site-packages/mecanumbot_led/led_control_node.py to led_control_node.cpython-310.pyc
[0.789s] byte-compiling /home/adorjan/github/mecanumbot/install/mecanumbot_led/lib/python3.10/site-packages/mecanumbot_led/__init__.py to __init__.cpython-310.pyc
[0.789s] running install_data
[0.789s] running install_egg_info
[0.791s] Copying ../build/mecanumbot_led/mecanumbot_led.egg-info to /home/adorjan/github/mecanumbot/install/mecanumbot_led/lib/python3.10/site-packages/mecanumbot_led-0.0.1-py3.10.egg-info
[0.791s] running install_scripts
[0.807s] Installing mecanumbot_led_service script to /home/adorjan/github/mecanumbot/install/mecanumbot_led/lib/mecanumbot_led
[0.807s] writing list of installed files to '/home/adorjan/github/mecanumbot/build/mecanumbot_led/install.log'
[0.827s] Invoked command in '/home/adorjan/github/mecanumbot/mecanumbot_led' returned '0': AMENT_PREFIX_PATH=/home/adorjan/github/mecanumbot/install/mecanumbot_msgs:${AMENT_PREFIX_PATH} CMAKE_PREFIX_PATH=/home/adorjan/github/mecanumbot/install/mecanumbot_msgs LD_LIBRARY_PATH=/home/adorjan/github/mecanumbot/install/mecanumbot_msgs/lib:/opt/ros/humble/opt/rviz_ogre_vendor/lib:/opt/ros/humble/lib/x86_64-linux-gnu:/opt/ros/humble/lib:/usr/lib/x86_64-linux-gnu/gazebo-11/plugins PYTHONPATH=/home/adorjan/github/mecanumbot/build/mecanumbot_led/prefix_override:/usr/lib/python3/dist-packages/colcon_core/task/python/colcon_distutils_commands:/home/adorjan/github/mecanumbot/install/mecanumbot_led/lib/python3.10/site-packages:/home/adorjan/github/mecanumbot/install/mecanumbot_msgs/local/lib/python3.10/dist-packages:${PYTHONPATH} /usr/bin/python3 -W ignore:setup.py install is deprecated -W ignore:easy_install command is deprecated setup.py egg_info --egg-base ../build/mecanumbot_led build --build-base /home/adorjan/github/mecanumbot/build/mecanumbot_led/build install --record /home/adorjan/github/mecanumbot/build/mecanumbot_led/install.log --single-version-externally-managed install_data
