-- Install configuration: ""
-- Up-to-date: /home/adorjan/github/mecanumbot/install/mecanumbot_bringup/share/mecanumbot_bringup/launch
-- Up-to-date: /home/adorjan/github/mecanumbot/install/mecanumbot_bringup/share/mecanumbot_bringup/launch/robot.launch.py
-- Up-to-date: /home/adorjan/github/mecanumbot/install/mecanumbot_bringup/share/mecanumbot_bringup/launch/mecanumbot_state_publisher.launch.py
-- Up-to-date: /home/adorjan/github/mecanumbot/install/mecanumbot_bringup/share/mecanumbot_bringup/launch/camera.launch.py
-- Up-to-date: /home/adorjan/github/mecanumbot/install/mecanumbot_bringup/share/mecanumbot_bringup/launch/rviz2.launch.py
-- Up-to-date: /home/adorjan/github/mecanumbot/install/mecanumbot_bringup/share/mecanumbot_bringup/param
-- Up-to-date: /home/adorjan/github/mecanumbot/install/mecanumbot_bringup/share/mecanumbot_bringup/param/humble
-- Up-to-date: /home/adorjan/github/mecanumbot/install/mecanumbot_bringup/share/mecanumbot_bringup/param/humble/mecanumbot.yaml
-- Up-to-date: /home/adorjan/github/mecanumbot/install/mecanumbot_bringup/share/mecanumbot_bringup/script
-- Up-to-date: /home/adorjan/github/mecanumbot/install/mecanumbot_bringup/share/mecanumbot_bringup/script/90_mecanumbot_nano.rules
-- Up-to-date: /home/adorjan/github/mecanumbot/install/mecanumbot_bringup/share/mecanumbot_bringup/script/99-turtlebot3-cdc.rules
-- Up-to-date: /home/adorjan/github/mecanumbot/install/mecanumbot_bringup/share/ament_index/resource_index/package_run_dependencies/mecanumbot_bringup
-- Up-to-date: /home/adorjan/github/mecanumbot/install/mecanumbot_bringup/share/ament_index/resource_index/parent_prefix_path/mecanumbot_bringup
-- Up-to-date: /home/adorjan/github/mecanumbot/install/mecanumbot_bringup/share/mecanumbot_bringup/environment/ament_prefix_path.sh
-- Up-to-date: /home/adorjan/github/mecanumbot/install/mecanumbot_bringup/share/mecanumbot_bringup/environment/ament_prefix_path.dsv
-- Up-to-date: /home/adorjan/github/mecanumbot/install/mecanumbot_bringup/share/mecanumbot_bringup/environment/path.sh
-- Up-to-date: /home/adorjan/github/mecanumbot/install/mecanumbot_bringup/share/mecanumbot_bringup/environment/path.dsv
-- Up-to-date: /home/adorjan/github/mecanumbot/install/mecanumbot_bringup/share/mecanumbot_bringup/local_setup.bash
-- Up-to-date: /home/adorjan/github/mecanumbot/install/mecanumbot_bringup/share/mecanumbot_bringup/local_setup.sh
-- Up-to-date: /home/adorjan/github/mecanumbot/install/mecanumbot_bringup/share/mecanumbot_bringup/local_setup.zsh
-- Up-to-date: /home/adorjan/github/mecanumbot/install/mecanumbot_bringup/share/mecanumbot_bringup/local_setup.dsv
-- Up-to-date: /home/adorjan/github/mecanumbot/install/mecanumbot_bringup/share/mecanumbot_bringup/package.dsv
-- Up-to-date: /home/adorjan/github/mecanumbot/install/mecanumbot_bringup/share/ament_index/resource_index/packages/mecanumbot_bringup
-- Up-to-date: /home/adorjan/github/mecanumbot/install/mecanumbot_bringup/share/mecanumbot_bringup/cmake/mecanumbot_bringupConfig.cmake
-- Up-to-date: /home/adorjan/github/mecanumbot/install/mecanumbot_bringup/share/mecanumbot_bringup/cmake/mecanumbot_bringupConfig-version.cmake
-- Up-to-date: /home/adorjan/github/mecanumbot/install/mecanumbot_bringup/share/mecanumbot_bringup/package.xml
