[0.700s] Invoking command in '/home/adorjan/github/mecanumbot/mecanumbot_teleop': PYTHONPATH=/home/adorjan/github/mecanumbot/build/mecanumbot_teleop/prefix_override:/usr/lib/python3/dist-packages/colcon_core/task/python/colcon_distutils_commands:/home/adorjan/github/mecanumbot/install/mecanumbot_teleop/lib/python3.10/site-packages:${PYTHONPATH} /usr/bin/python3 -W ignore:setup.py install is deprecated -W ignore:easy_install command is deprecated setup.py egg_info --egg-base ../build/mecanumbot_teleop build --build-base /home/adorjan/github/mecanumbot/build/mecanumbot_teleop/build install --record /home/adorjan/github/mecanumbot/build/mecanumbot_teleop/install.log --single-version-externally-managed install_data
[0.884s] running egg_info
[0.884s] writing ../build/mecanumbot_teleop/mecanumbot_teleop.egg-info/PKG-INFO
[0.884s] writing dependency_links to ../build/mecanumbot_teleop/mecanumbot_teleop.egg-info/dependency_links.txt
[0.884s] writing entry points to ../build/mecanumbot_teleop/mecanumbot_teleop.egg-info/entry_points.txt
[0.885s] writing requirements to ../build/mecanumbot_teleop/mecanumbot_teleop.egg-info/requires.txt
[0.885s] writing top-level names to ../build/mecanumbot_teleop/mecanumbot_teleop.egg-info/top_level.txt
[0.886s] reading manifest file '../build/mecanumbot_teleop/mecanumbot_teleop.egg-info/SOURCES.txt'
[0.886s] writing manifest file '../build/mecanumbot_teleop/mecanumbot_teleop.egg-info/SOURCES.txt'
[0.886s] running build
[0.886s] running build_py
[0.887s] running install
[0.887s] running install_lib
[0.888s] running install_data
[0.888s] running install_egg_info
[0.889s] removing '/home/adorjan/github/mecanumbot/install/mecanumbot_teleop/lib/python3.10/site-packages/mecanumbot_teleop-2.3.3-py3.10.egg-info' (and everything under it)
[0.889s] Copying ../build/mecanumbot_teleop/mecanumbot_teleop.egg-info to /home/adorjan/github/mecanumbot/install/mecanumbot_teleop/lib/python3.10/site-packages/mecanumbot_teleop-2.3.3-py3.10.egg-info
[0.890s] running install_scripts
[0.904s] Installing mecanumbot_keyboard script to /home/adorjan/github/mecanumbot/install/mecanumbot_teleop/lib/mecanumbot_teleop
[0.904s] writing list of installed files to '/home/adorjan/github/mecanumbot/build/mecanumbot_teleop/install.log'
[0.936s] Invoked command in '/home/adorjan/github/mecanumbot/mecanumbot_teleop' returned '0': PYTHONPATH=/home/adorjan/github/mecanumbot/build/mecanumbot_teleop/prefix_override:/usr/lib/python3/dist-packages/colcon_core/task/python/colcon_distutils_commands:/home/adorjan/github/mecanumbot/install/mecanumbot_teleop/lib/python3.10/site-packages:${PYTHONPATH} /usr/bin/python3 -W ignore:setup.py install is deprecated -W ignore:easy_install command is deprecated setup.py egg_info --egg-base ../build/mecanumbot_teleop build --build-base /home/adorjan/github/mecanumbot/build/mecanumbot_teleop/build install --record /home/adorjan/github/mecanumbot/build/mecanumbot_teleop/install.log --single-version-externally-managed install_data
