running egg_info
writing ../build/mecanumbot_ledgui/mecanumbot_ledgui.egg-info/PKG-INFO
writing dependency_links to ../build/mecanumbot_ledgui/mecanumbot_ledgui.egg-info/dependency_links.txt
writing entry points to ../build/mecanumbot_ledgui/mecanumbot_ledgui.egg-info/entry_points.txt
writing requirements to ../build/mecanumbot_ledgui/mecanumbot_ledgui.egg-info/requires.txt
writing top-level names to ../build/mecanumbot_ledgui/mecanumbot_ledgui.egg-info/top_level.txt
reading manifest file '../build/mecanumbot_ledgui/mecanumbot_ledgui.egg-info/SOURCES.txt'
writing manifest file '../build/mecanumbot_ledgui/mecanumbot_ledgui.egg-info/SOURCES.txt'
running build
running build_py
copying mecanumbot_ledgui/mecanumbot_ledgui.py -> /home/adorjan/github/mecanumbot/build/mecanumbot_ledgui/build/lib/mecanumbot_ledgui
running install
running install_lib
copying /home/adorjan/github/mecanumbot/build/mecanumbot_ledgui/build/lib/mecanumbot_ledgui/mecanumbot_ledgui.py -> /home/adorjan/github/mecanumbot/install/mecanumbot_ledgui/lib/python3.10/site-packages/mecanumbot_ledgui
byte-compiling /home/adorjan/github/mecanumbot/install/mecanumbot_ledgui/lib/python3.10/site-packages/mecanumbot_ledgui/mecanumbot_ledgui.py to mecanumbot_ledgui.cpython-310.pyc
running install_data
running install_egg_info
removing '/home/adorjan/github/mecanumbot/install/mecanumbot_ledgui/lib/python3.10/site-packages/mecanumbot_ledgui-0.0.0-py3.10.egg-info' (and everything under it)
Copying ../build/mecanumbot_ledgui/mecanumbot_ledgui.egg-info to /home/adorjan/github/mecanumbot/install/mecanumbot_ledgui/lib/python3.10/site-packages/mecanumbot_ledgui-0.0.0-py3.10.egg-info
running install_scripts
Installing mecanumbot_ledgui script to /home/adorjan/github/mecanumbot/install/mecanumbot_ledgui/lib/mecanumbot_ledgui
writing list of installed files to '/home/adorjan/github/mecanumbot/build/mecanumbot_ledgui/install.log'
