-- Install configuration: ""
-- Up-to-date: /home/adorjan/github/mecanumbot/install/mecanumbot_description/share/mecanumbot_description/meshes
-- Up-to-date: /home/adorjan/github/mecanumbot/install/mecanumbot_description/share/mecanumbot_description/meshes/wheel.STL
-- Up-to-date: /home/adorjan/github/mecanumbot/install/mecanumbot_description/share/mecanumbot_description/meshes/arm.STL
-- Up-to-date: /home/adorjan/github/mecanumbot/install/mecanumbot_description/share/mecanumbot_description/meshes/arm_left.STL
-- Up-to-date: /home/adorjan/github/mecanumbot/install/mecanumbot_description/share/mecanumbot_description/meshes/base.STL
-- Up-to-date: /home/adorjan/github/mecanumbot/install/mecanumbot_description/share/mecanumbot_description/meshes/lds.stl
-- Up-to-date: /home/adorjan/github/mecanumbot/install/mecanumbot_description/share/mecanumbot_description/meshes/arm_right.STL
-- Up-to-date: /home/adorjan/github/mecanumbot/install/mecanumbot_description/share/mecanumbot_description/meshes/head.STL
-- Up-to-date: /home/adorjan/github/mecanumbot/install/mecanumbot_description/share/mecanumbot_description/meshes/3Dparts
-- Up-to-date: /home/adorjan/github/mecanumbot/install/mecanumbot_description/share/mecanumbot_description/meshes/3Dparts/omniwheel_adapter.stl
-- Up-to-date: /home/adorjan/github/mecanumbot/install/mecanumbot_description/share/mecanumbot_description/meshes/3Dparts/grabbermount_rear.stl
-- Up-to-date: /home/adorjan/github/mecanumbot/install/mecanumbot_description/share/mecanumbot_description/meshes/3Dparts/cam_bridge.stl
-- Up-to-date: /home/adorjan/github/mecanumbot/install/mecanumbot_description/share/mecanumbot_description/meshes/3Dparts/diffuser.stl
-- Up-to-date: /home/adorjan/github/mecanumbot/install/mecanumbot_description/share/mecanumbot_description/meshes/3Dparts/grabbermount_front.stl
-- Up-to-date: /home/adorjan/github/mecanumbot/install/mecanumbot_description/share/mecanumbot_description/rviz
-- Up-to-date: /home/adorjan/github/mecanumbot/install/mecanumbot_description/share/mecanumbot_description/rviz/model.rviz
-- Up-to-date: /home/adorjan/github/mecanumbot/install/mecanumbot_description/share/mecanumbot_description/urdf
-- Up-to-date: /home/adorjan/github/mecanumbot/install/mecanumbot_description/share/mecanumbot_description/urdf/mecanumbot.urdf
-- Up-to-date: /home/adorjan/github/mecanumbot/install/mecanumbot_description/share/mecanumbot_description/urdf/common_properties.urdf
-- Up-to-date: /home/adorjan/github/mecanumbot/install/mecanumbot_description/share/ament_index/resource_index/package_run_dependencies/mecanumbot_description
-- Up-to-date: /home/adorjan/github/mecanumbot/install/mecanumbot_description/share/ament_index/resource_index/parent_prefix_path/mecanumbot_description
-- Up-to-date: /home/adorjan/github/mecanumbot/install/mecanumbot_description/share/mecanumbot_description/environment/ament_prefix_path.sh
-- Up-to-date: /home/adorjan/github/mecanumbot/install/mecanumbot_description/share/mecanumbot_description/environment/ament_prefix_path.dsv
-- Up-to-date: /home/adorjan/github/mecanumbot/install/mecanumbot_description/share/mecanumbot_description/environment/path.sh
-- Up-to-date: /home/adorjan/github/mecanumbot/install/mecanumbot_description/share/mecanumbot_description/environment/path.dsv
-- Up-to-date: /home/adorjan/github/mecanumbot/install/mecanumbot_description/share/mecanumbot_description/local_setup.bash
-- Up-to-date: /home/adorjan/github/mecanumbot/install/mecanumbot_description/share/mecanumbot_description/local_setup.sh
-- Up-to-date: /home/adorjan/github/mecanumbot/install/mecanumbot_description/share/mecanumbot_description/local_setup.zsh
-- Up-to-date: /home/adorjan/github/mecanumbot/install/mecanumbot_description/share/mecanumbot_description/local_setup.dsv
-- Installing: /home/adorjan/github/mecanumbot/install/mecanumbot_description/share/mecanumbot_description/package.dsv
-- Up-to-date: /home/adorjan/github/mecanumbot/install/mecanumbot_description/share/ament_index/resource_index/packages/mecanumbot_description
-- Up-to-date: /home/adorjan/github/mecanumbot/install/mecanumbot_description/share/mecanumbot_description/cmake/mecanumbot_descriptionConfig.cmake
-- Up-to-date: /home/adorjan/github/mecanumbot/install/mecanumbot_description/share/mecanumbot_description/cmake/mecanumbot_descriptionConfig-version.cmake
-- Up-to-date: /home/adorjan/github/mecanumbot/install/mecanumbot_description/share/mecanumbot_description/package.xml
