[  2%] Built target mecanumbot_msgs__cpp
[ 12%] Built target mecanumbot_msgs__rosidl_generator_c
[ 12%] Built target ament_cmake_python_copy_mecanumbot_msgs
[ 34%] Built target mecanumbot_msgs__rosidl_typesupport_introspection_cpp
[ 34%] Built target mecanumbot_msgs__rosidl_typesupport_fastrtps_cpp
[ 44%] Built target mecanumbot_msgs__rosidl_typesupport_cpp
[ 55%] Built target mecanumbot_msgs__rosidl_typesupport_fastrtps_c
[ 65%] Built target mecanumbot_msgs__rosidl_typesupport_c
[ 76%] Built target mecanumbot_msgs__rosidl_typesupport_introspection_c
[ 76%] Built target mecanumbot_msgs
[ 78%] Built target mecanumbot_msgs__py
[ 87%] Built target mecanumbot_msgs__rosidl_generator_py
[ 91%] Built target mecanumbot_msgs__rosidl_typesupport_introspection_c__pyext
[ 95%] Built target mecanumbot_msgs__rosidl_typesupport_fastrtps_c__pyext
[100%] Built target mecanumbot_msgs__rosidl_typesupport_c__pyext
running egg_info
writing mecanumbot_msgs.egg-info/PKG-INFO
writing dependency_links to mecanumbot_msgs.egg-info/dependency_links.txt
writing top-level names to mecanumbot_msgs.egg-info/top_level.txt
reading manifest file 'mecanumbot_msgs.egg-info/SOURCES.txt'
writing manifest file 'mecanumbot_msgs.egg-info/SOURCES.txt'
[100%] Built target ament_cmake_python_build_mecanumbot_msgs_egg
-- Install configuration: ""
-- Up-to-date: /home/adorjan/github/mecanumbot/install/mecanumbot_msgs/share/ament_index/resource_index/rosidl_interfaces/mecanumbot_msgs
-- Up-to-date: /home/adorjan/github/mecanumbot/install/mecanumbot_msgs/include/mecanumbot_msgs/mecanumbot_msgs
-- Up-to-date: /home/adorjan/github/mecanumbot/install/mecanumbot_msgs/include/mecanumbot_msgs/mecanumbot_msgs/msg
-- Up-to-date: /home/adorjan/github/mecanumbot/install/mecanumbot_msgs/include/mecanumbot_msgs/mecanumbot_msgs/msg/rosidl_generator_c__visibility_control.h
-- Up-to-date: /home/adorjan/github/mecanumbot/install/mecanumbot_msgs/include/mecanumbot_msgs/mecanumbot_msgs/msg/detail
-- Up-to-date: /home/adorjan/github/mecanumbot/install/mecanumbot_msgs/include/mecanumbot_msgs/mecanumbot_msgs/msg/detail/sensor_state__functions.h
-- Up-to-date: /home/adorjan/github/mecanumbot/install/mecanumbot_msgs/include/mecanumbot_msgs/mecanumbot_msgs/msg/detail/sensor_state__struct.h
-- Up-to-date: /home/adorjan/github/mecanumbot/install/mecanumbot_msgs/include/mecanumbot_msgs/mecanumbot_msgs/msg/detail/sensor_state__type_support.h
-- Up-to-date: /home/adorjan/github/mecanumbot/install/mecanumbot_msgs/include/mecanumbot_msgs/mecanumbot_msgs/msg/detail/sensor_state__functions.c
-- Up-to-date: /home/adorjan/github/mecanumbot/install/mecanumbot_msgs/include/mecanumbot_msgs/mecanumbot_msgs/msg/sensor_state.h
-- Up-to-date: /home/adorjan/github/mecanumbot/install/mecanumbot_msgs/include/mecanumbot_msgs/mecanumbot_msgs/srv
-- Up-to-date: /home/adorjan/github/mecanumbot/install/mecanumbot_msgs/include/mecanumbot_msgs/mecanumbot_msgs/srv/get_led_status.h
-- Up-to-date: /home/adorjan/github/mecanumbot/install/mecanumbot_msgs/include/mecanumbot_msgs/mecanumbot_msgs/srv/set_led_status.h
-- Up-to-date: /home/adorjan/github/mecanumbot/install/mecanumbot_msgs/include/mecanumbot_msgs/mecanumbot_msgs/srv/detail
-- Up-to-date: /home/adorjan/github/mecanumbot/install/mecanumbot_msgs/include/mecanumbot_msgs/mecanumbot_msgs/srv/detail/get_led_status__type_support.h
-- Up-to-date: /home/adorjan/github/mecanumbot/install/mecanumbot_msgs/include/mecanumbot_msgs/mecanumbot_msgs/srv/detail/get_led_status__functions.c
-- Up-to-date: /home/adorjan/github/mecanumbot/install/mecanumbot_msgs/include/mecanumbot_msgs/mecanumbot_msgs/srv/detail/set_led_status__type_support.h
-- Up-to-date: /home/adorjan/github/mecanumbot/install/mecanumbot_msgs/include/mecanumbot_msgs/mecanumbot_msgs/srv/detail/get_led_status__struct.h
-- Up-to-date: /home/adorjan/github/mecanumbot/install/mecanumbot_msgs/include/mecanumbot_msgs/mecanumbot_msgs/srv/detail/set_led_status__functions.h
-- Up-to-date: /home/adorjan/github/mecanumbot/install/mecanumbot_msgs/include/mecanumbot_msgs/mecanumbot_msgs/srv/detail/set_led_status__struct.h
-- Up-to-date: /home/adorjan/github/mecanumbot/install/mecanumbot_msgs/include/mecanumbot_msgs/mecanumbot_msgs/srv/detail/set_led_status__functions.c
-- Up-to-date: /home/adorjan/github/mecanumbot/install/mecanumbot_msgs/include/mecanumbot_msgs/mecanumbot_msgs/srv/detail/get_led_status__functions.h
-- Up-to-date: /home/adorjan/github/mecanumbot/install/mecanumbot_msgs/share/mecanumbot_msgs/environment/library_path.sh
-- Up-to-date: /home/adorjan/github/mecanumbot/install/mecanumbot_msgs/share/mecanumbot_msgs/environment/library_path.dsv
-- Up-to-date: /home/adorjan/github/mecanumbot/install/mecanumbot_msgs/lib/libmecanumbot_msgs__rosidl_generator_c.so
-- Up-to-date: /home/adorjan/github/mecanumbot/install/mecanumbot_msgs/include/mecanumbot_msgs/mecanumbot_msgs
-- Up-to-date: /home/adorjan/github/mecanumbot/install/mecanumbot_msgs/include/mecanumbot_msgs/mecanumbot_msgs/msg
-- Up-to-date: /home/adorjan/github/mecanumbot/install/mecanumbot_msgs/include/mecanumbot_msgs/mecanumbot_msgs/msg/rosidl_typesupport_fastrtps_c__visibility_control.h
-- Up-to-date: /home/adorjan/github/mecanumbot/install/mecanumbot_msgs/include/mecanumbot_msgs/mecanumbot_msgs/msg/detail
-- Up-to-date: /home/adorjan/github/mecanumbot/install/mecanumbot_msgs/include/mecanumbot_msgs/mecanumbot_msgs/msg/detail/sensor_state__rosidl_typesupport_fastrtps_c.h
-- Up-to-date: /home/adorjan/github/mecanumbot/install/mecanumbot_msgs/include/mecanumbot_msgs/mecanumbot_msgs/srv
-- Up-to-date: /home/adorjan/github/mecanumbot/install/mecanumbot_msgs/include/mecanumbot_msgs/mecanumbot_msgs/srv/detail
-- Up-to-date: /home/adorjan/github/mecanumbot/install/mecanumbot_msgs/include/mecanumbot_msgs/mecanumbot_msgs/srv/detail/get_led_status__rosidl_typesupport_fastrtps_c.h
-- Up-to-date: /home/adorjan/github/mecanumbot/install/mecanumbot_msgs/include/mecanumbot_msgs/mecanumbot_msgs/srv/detail/set_led_status__rosidl_typesupport_fastrtps_c.h
-- Up-to-date: /home/adorjan/github/mecanumbot/install/mecanumbot_msgs/lib/libmecanumbot_msgs__rosidl_typesupport_fastrtps_c.so
-- Up-to-date: /home/adorjan/github/mecanumbot/install/mecanumbot_msgs/include/mecanumbot_msgs/mecanumbot_msgs
-- Up-to-date: /home/adorjan/github/mecanumbot/install/mecanumbot_msgs/include/mecanumbot_msgs/mecanumbot_msgs/msg
-- Up-to-date: /home/adorjan/github/mecanumbot/install/mecanumbot_msgs/include/mecanumbot_msgs/mecanumbot_msgs/msg/rosidl_typesupport_introspection_c__visibility_control.h
-- Up-to-date: /home/adorjan/github/mecanumbot/install/mecanumbot_msgs/include/mecanumbot_msgs/mecanumbot_msgs/msg/detail
-- Up-to-date: /home/adorjan/github/mecanumbot/install/mecanumbot_msgs/include/mecanumbot_msgs/mecanumbot_msgs/msg/detail/sensor_state__type_support.c
-- Up-to-date: /home/adorjan/github/mecanumbot/install/mecanumbot_msgs/include/mecanumbot_msgs/mecanumbot_msgs/msg/detail/sensor_state__rosidl_typesupport_introspection_c.h
-- Up-to-date: /home/adorjan/github/mecanumbot/install/mecanumbot_msgs/include/mecanumbot_msgs/mecanumbot_msgs/srv
-- Up-to-date: /home/adorjan/github/mecanumbot/install/mecanumbot_msgs/include/mecanumbot_msgs/mecanumbot_msgs/srv/detail
-- Up-to-date: /home/adorjan/github/mecanumbot/install/mecanumbot_msgs/include/mecanumbot_msgs/mecanumbot_msgs/srv/detail/get_led_status__type_support.c
-- Up-to-date: /home/adorjan/github/mecanumbot/install/mecanumbot_msgs/include/mecanumbot_msgs/mecanumbot_msgs/srv/detail/get_led_status__rosidl_typesupport_introspection_c.h
-- Up-to-date: /home/adorjan/github/mecanumbot/install/mecanumbot_msgs/include/mecanumbot_msgs/mecanumbot_msgs/srv/detail/set_led_status__type_support.c
-- Up-to-date: /home/adorjan/github/mecanumbot/install/mecanumbot_msgs/include/mecanumbot_msgs/mecanumbot_msgs/srv/detail/set_led_status__rosidl_typesupport_introspection_c.h
-- Up-to-date: /home/adorjan/github/mecanumbot/install/mecanumbot_msgs/lib/libmecanumbot_msgs__rosidl_typesupport_introspection_c.so
-- Up-to-date: /home/adorjan/github/mecanumbot/install/mecanumbot_msgs/lib/libmecanumbot_msgs__rosidl_typesupport_c.so
-- Up-to-date: /home/adorjan/github/mecanumbot/install/mecanumbot_msgs/include/mecanumbot_msgs/mecanumbot_msgs
-- Up-to-date: /home/adorjan/github/mecanumbot/install/mecanumbot_msgs/include/mecanumbot_msgs/mecanumbot_msgs/msg
-- Up-to-date: /home/adorjan/github/mecanumbot/install/mecanumbot_msgs/include/mecanumbot_msgs/mecanumbot_msgs/msg/sensor_state.hpp
-- Up-to-date: /home/adorjan/github/mecanumbot/install/mecanumbot_msgs/include/mecanumbot_msgs/mecanumbot_msgs/msg/rosidl_generator_cpp__visibility_control.hpp
-- Up-to-date: /home/adorjan/github/mecanumbot/install/mecanumbot_msgs/include/mecanumbot_msgs/mecanumbot_msgs/msg/detail
-- Up-to-date: /home/adorjan/github/mecanumbot/install/mecanumbot_msgs/include/mecanumbot_msgs/mecanumbot_msgs/msg/detail/sensor_state__traits.hpp
-- Up-to-date: /home/adorjan/github/mecanumbot/install/mecanumbot_msgs/include/mecanumbot_msgs/mecanumbot_msgs/msg/detail/sensor_state__builder.hpp
-- Up-to-date: /home/adorjan/github/mecanumbot/install/mecanumbot_msgs/include/mecanumbot_msgs/mecanumbot_msgs/msg/detail/sensor_state__struct.hpp
-- Up-to-date: /home/adorjan/github/mecanumbot/install/mecanumbot_msgs/include/mecanumbot_msgs/mecanumbot_msgs/msg/detail/sensor_state__type_support.hpp
-- Up-to-date: /home/adorjan/github/mecanumbot/install/mecanumbot_msgs/include/mecanumbot_msgs/mecanumbot_msgs/srv
-- Up-to-date: /home/adorjan/github/mecanumbot/install/mecanumbot_msgs/include/mecanumbot_msgs/mecanumbot_msgs/srv/set_led_status.hpp
-- Up-to-date: /home/adorjan/github/mecanumbot/install/mecanumbot_msgs/include/mecanumbot_msgs/mecanumbot_msgs/srv/get_led_status.hpp
-- Up-to-date: /home/adorjan/github/mecanumbot/install/mecanumbot_msgs/include/mecanumbot_msgs/mecanumbot_msgs/srv/detail
-- Up-to-date: /home/adorjan/github/mecanumbot/install/mecanumbot_msgs/include/mecanumbot_msgs/mecanumbot_msgs/srv/detail/set_led_status__builder.hpp
-- Up-to-date: /home/adorjan/github/mecanumbot/install/mecanumbot_msgs/include/mecanumbot_msgs/mecanumbot_msgs/srv/detail/set_led_status__traits.hpp
-- Up-to-date: /home/adorjan/github/mecanumbot/install/mecanumbot_msgs/include/mecanumbot_msgs/mecanumbot_msgs/srv/detail/get_led_status__traits.hpp
-- Up-to-date: /home/adorjan/github/mecanumbot/install/mecanumbot_msgs/include/mecanumbot_msgs/mecanumbot_msgs/srv/detail/set_led_status__struct.hpp
-- Up-to-date: /home/adorjan/github/mecanumbot/install/mecanumbot_msgs/include/mecanumbot_msgs/mecanumbot_msgs/srv/detail/get_led_status__builder.hpp
-- Up-to-date: /home/adorjan/github/mecanumbot/install/mecanumbot_msgs/include/mecanumbot_msgs/mecanumbot_msgs/srv/detail/get_led_status__struct.hpp
-- Up-to-date: /home/adorjan/github/mecanumbot/install/mecanumbot_msgs/include/mecanumbot_msgs/mecanumbot_msgs/srv/detail/get_led_status__type_support.hpp
-- Up-to-date: /home/adorjan/github/mecanumbot/install/mecanumbot_msgs/include/mecanumbot_msgs/mecanumbot_msgs/srv/detail/set_led_status__type_support.hpp
-- Up-to-date: /home/adorjan/github/mecanumbot/install/mecanumbot_msgs/include/mecanumbot_msgs/mecanumbot_msgs
-- Up-to-date: /home/adorjan/github/mecanumbot/install/mecanumbot_msgs/include/mecanumbot_msgs/mecanumbot_msgs/msg
-- Up-to-date: /home/adorjan/github/mecanumbot/install/mecanumbot_msgs/include/mecanumbot_msgs/mecanumbot_msgs/msg/rosidl_typesupport_fastrtps_cpp__visibility_control.h
-- Up-to-date: /home/adorjan/github/mecanumbot/install/mecanumbot_msgs/include/mecanumbot_msgs/mecanumbot_msgs/msg/detail
-- Up-to-date: /home/adorjan/github/mecanumbot/install/mecanumbot_msgs/include/mecanumbot_msgs/mecanumbot_msgs/msg/detail/sensor_state__rosidl_typesupport_fastrtps_cpp.hpp
-- Up-to-date: /home/adorjan/github/mecanumbot/install/mecanumbot_msgs/include/mecanumbot_msgs/mecanumbot_msgs/msg/detail/dds_fastrtps
-- Up-to-date: /home/adorjan/github/mecanumbot/install/mecanumbot_msgs/include/mecanumbot_msgs/mecanumbot_msgs/srv
-- Up-to-date: /home/adorjan/github/mecanumbot/install/mecanumbot_msgs/include/mecanumbot_msgs/mecanumbot_msgs/srv/detail
-- Up-to-date: /home/adorjan/github/mecanumbot/install/mecanumbot_msgs/include/mecanumbot_msgs/mecanumbot_msgs/srv/detail/dds_fastrtps
-- Up-to-date: /home/adorjan/github/mecanumbot/install/mecanumbot_msgs/include/mecanumbot_msgs/mecanumbot_msgs/srv/detail/set_led_status__rosidl_typesupport_fastrtps_cpp.hpp
-- Up-to-date: /home/adorjan/github/mecanumbot/install/mecanumbot_msgs/include/mecanumbot_msgs/mecanumbot_msgs/srv/detail/get_led_status__rosidl_typesupport_fastrtps_cpp.hpp
-- Up-to-date: /home/adorjan/github/mecanumbot/install/mecanumbot_msgs/lib/libmecanumbot_msgs__rosidl_typesupport_fastrtps_cpp.so
-- Up-to-date: /home/adorjan/github/mecanumbot/install/mecanumbot_msgs/include/mecanumbot_msgs/mecanumbot_msgs
-- Up-to-date: /home/adorjan/github/mecanumbot/install/mecanumbot_msgs/include/mecanumbot_msgs/mecanumbot_msgs/msg
-- Up-to-date: /home/adorjan/github/mecanumbot/install/mecanumbot_msgs/include/mecanumbot_msgs/mecanumbot_msgs/msg/detail
-- Up-to-date: /home/adorjan/github/mecanumbot/install/mecanumbot_msgs/include/mecanumbot_msgs/mecanumbot_msgs/msg/detail/sensor_state__rosidl_typesupport_introspection_cpp.hpp
-- Up-to-date: /home/adorjan/github/mecanumbot/install/mecanumbot_msgs/include/mecanumbot_msgs/mecanumbot_msgs/msg/detail/sensor_state__type_support.cpp
-- Up-to-date: /home/adorjan/github/mecanumbot/install/mecanumbot_msgs/include/mecanumbot_msgs/mecanumbot_msgs/srv
-- Up-to-date: /home/adorjan/github/mecanumbot/install/mecanumbot_msgs/include/mecanumbot_msgs/mecanumbot_msgs/srv/detail
-- Up-to-date: /home/adorjan/github/mecanumbot/install/mecanumbot_msgs/include/mecanumbot_msgs/mecanumbot_msgs/srv/detail/get_led_status__rosidl_typesupport_introspection_cpp.hpp
-- Up-to-date: /home/adorjan/github/mecanumbot/install/mecanumbot_msgs/include/mecanumbot_msgs/mecanumbot_msgs/srv/detail/get_led_status__type_support.cpp
-- Up-to-date: /home/adorjan/github/mecanumbot/install/mecanumbot_msgs/include/mecanumbot_msgs/mecanumbot_msgs/srv/detail/set_led_status__rosidl_typesupport_introspection_cpp.hpp
-- Up-to-date: /home/adorjan/github/mecanumbot/install/mecanumbot_msgs/include/mecanumbot_msgs/mecanumbot_msgs/srv/detail/set_led_status__type_support.cpp
-- Up-to-date: /home/adorjan/github/mecanumbot/install/mecanumbot_msgs/lib/libmecanumbot_msgs__rosidl_typesupport_introspection_cpp.so
-- Up-to-date: /home/adorjan/github/mecanumbot/install/mecanumbot_msgs/lib/libmecanumbot_msgs__rosidl_typesupport_cpp.so
-- Up-to-date: /home/adorjan/github/mecanumbot/install/mecanumbot_msgs/share/mecanumbot_msgs/environment/pythonpath.sh
-- Up-to-date: /home/adorjan/github/mecanumbot/install/mecanumbot_msgs/share/mecanumbot_msgs/environment/pythonpath.dsv
-- Up-to-date: /home/adorjan/github/mecanumbot/install/mecanumbot_msgs/local/lib/python3.10/dist-packages/mecanumbot_msgs-0.0.1-py3.10.egg-info
-- Installing: /home/adorjan/github/mecanumbot/install/mecanumbot_msgs/local/lib/python3.10/dist-packages/mecanumbot_msgs-0.0.1-py3.10.egg-info/dependency_links.txt
-- Installing: /home/adorjan/github/mecanumbot/install/mecanumbot_msgs/local/lib/python3.10/dist-packages/mecanumbot_msgs-0.0.1-py3.10.egg-info/PKG-INFO
-- Installing: /home/adorjan/github/mecanumbot/install/mecanumbot_msgs/local/lib/python3.10/dist-packages/mecanumbot_msgs-0.0.1-py3.10.egg-info/top_level.txt
-- Installing: /home/adorjan/github/mecanumbot/install/mecanumbot_msgs/local/lib/python3.10/dist-packages/mecanumbot_msgs-0.0.1-py3.10.egg-info/SOURCES.txt
-- Up-to-date: /home/adorjan/github/mecanumbot/install/mecanumbot_msgs/local/lib/python3.10/dist-packages/mecanumbot_msgs
-- Up-to-date: /home/adorjan/github/mecanumbot/install/mecanumbot_msgs/local/lib/python3.10/dist-packages/mecanumbot_msgs/libmecanumbot_msgs__rosidl_generator_py.so
-- Up-to-date: /home/adorjan/github/mecanumbot/install/mecanumbot_msgs/local/lib/python3.10/dist-packages/mecanumbot_msgs/_mecanumbot_msgs_s.ep.rosidl_typesupport_fastrtps_c.c
-- Up-to-date: /home/adorjan/github/mecanumbot/install/mecanumbot_msgs/local/lib/python3.10/dist-packages/mecanumbot_msgs/mecanumbot_msgs_s__rosidl_typesupport_introspection_c.cpython-310-x86_64-linux-gnu.so
-- Up-to-date: /home/adorjan/github/mecanumbot/install/mecanumbot_msgs/local/lib/python3.10/dist-packages/mecanumbot_msgs/_mecanumbot_msgs_s.ep.rosidl_typesupport_introspection_c.c
-- Up-to-date: /home/adorjan/github/mecanumbot/install/mecanumbot_msgs/local/lib/python3.10/dist-packages/mecanumbot_msgs/_mecanumbot_msgs_s.ep.rosidl_typesupport_c.c
-- Up-to-date: /home/adorjan/github/mecanumbot/install/mecanumbot_msgs/local/lib/python3.10/dist-packages/mecanumbot_msgs/__init__.py
-- Up-to-date: /home/adorjan/github/mecanumbot/install/mecanumbot_msgs/local/lib/python3.10/dist-packages/mecanumbot_msgs/mecanumbot_msgs_s__rosidl_typesupport_c.cpython-310-x86_64-linux-gnu.so
-- Up-to-date: /home/adorjan/github/mecanumbot/install/mecanumbot_msgs/local/lib/python3.10/dist-packages/mecanumbot_msgs/msg
-- Up-to-date: /home/adorjan/github/mecanumbot/install/mecanumbot_msgs/local/lib/python3.10/dist-packages/mecanumbot_msgs/msg/__init__.py
-- Up-to-date: /home/adorjan/github/mecanumbot/install/mecanumbot_msgs/local/lib/python3.10/dist-packages/mecanumbot_msgs/msg/_sensor_state_s.c
-- Up-to-date: /home/adorjan/github/mecanumbot/install/mecanumbot_msgs/local/lib/python3.10/dist-packages/mecanumbot_msgs/msg/_sensor_state.py
-- Up-to-date: /home/adorjan/github/mecanumbot/install/mecanumbot_msgs/local/lib/python3.10/dist-packages/mecanumbot_msgs/mecanumbot_msgs_s__rosidl_typesupport_fastrtps_c.cpython-310-x86_64-linux-gnu.so
-- Up-to-date: /home/adorjan/github/mecanumbot/install/mecanumbot_msgs/local/lib/python3.10/dist-packages/mecanumbot_msgs/srv
-- Up-to-date: /home/adorjan/github/mecanumbot/install/mecanumbot_msgs/local/lib/python3.10/dist-packages/mecanumbot_msgs/srv/__init__.py
-- Up-to-date: /home/adorjan/github/mecanumbot/install/mecanumbot_msgs/local/lib/python3.10/dist-packages/mecanumbot_msgs/srv/_set_led_status_s.c
-- Up-to-date: /home/adorjan/github/mecanumbot/install/mecanumbot_msgs/local/lib/python3.10/dist-packages/mecanumbot_msgs/srv/_set_led_status.py
-- Up-to-date: /home/adorjan/github/mecanumbot/install/mecanumbot_msgs/local/lib/python3.10/dist-packages/mecanumbot_msgs/srv/_get_led_status.py
-- Up-to-date: /home/adorjan/github/mecanumbot/install/mecanumbot_msgs/local/lib/python3.10/dist-packages/mecanumbot_msgs/srv/_get_led_status_s.c
Listing '/home/adorjan/github/mecanumbot/install/mecanumbot_msgs/local/lib/python3.10/dist-packages/mecanumbot_msgs'...
Listing '/home/adorjan/github/mecanumbot/install/mecanumbot_msgs/local/lib/python3.10/dist-packages/mecanumbot_msgs/msg'...
Listing '/home/adorjan/github/mecanumbot/install/mecanumbot_msgs/local/lib/python3.10/dist-packages/mecanumbot_msgs/srv'...
-- Up-to-date: /home/adorjan/github/mecanumbot/install/mecanumbot_msgs/local/lib/python3.10/dist-packages/mecanumbot_msgs/mecanumbot_msgs_s__rosidl_typesupport_fastrtps_c.cpython-310-x86_64-linux-gnu.so
-- Up-to-date: /home/adorjan/github/mecanumbot/install/mecanumbot_msgs/local/lib/python3.10/dist-packages/mecanumbot_msgs/mecanumbot_msgs_s__rosidl_typesupport_introspection_c.cpython-310-x86_64-linux-gnu.so
-- Up-to-date: /home/adorjan/github/mecanumbot/install/mecanumbot_msgs/local/lib/python3.10/dist-packages/mecanumbot_msgs/mecanumbot_msgs_s__rosidl_typesupport_c.cpython-310-x86_64-linux-gnu.so
-- Up-to-date: /home/adorjan/github/mecanumbot/install/mecanumbot_msgs/lib/libmecanumbot_msgs__rosidl_generator_py.so
-- Up-to-date: /home/adorjan/github/mecanumbot/install/mecanumbot_msgs/share/mecanumbot_msgs/msg/SensorState.idl
-- Up-to-date: /home/adorjan/github/mecanumbot/install/mecanumbot_msgs/share/mecanumbot_msgs/srv/GetLedStatus.idl
-- Up-to-date: /home/adorjan/github/mecanumbot/install/mecanumbot_msgs/share/mecanumbot_msgs/srv/SetLedStatus.idl
-- Up-to-date: /home/adorjan/github/mecanumbot/install/mecanumbot_msgs/share/mecanumbot_msgs/msg/SensorState.msg
-- Up-to-date: /home/adorjan/github/mecanumbot/install/mecanumbot_msgs/share/mecanumbot_msgs/srv/GetLedStatus.srv
-- Up-to-date: /home/adorjan/github/mecanumbot/install/mecanumbot_msgs/share/mecanumbot_msgs/srv/GetLedStatus_Request.msg
-- Up-to-date: /home/adorjan/github/mecanumbot/install/mecanumbot_msgs/share/mecanumbot_msgs/srv/GetLedStatus_Response.msg
-- Up-to-date: /home/adorjan/github/mecanumbot/install/mecanumbot_msgs/share/mecanumbot_msgs/srv/SetLedStatus.srv
-- Up-to-date: /home/adorjan/github/mecanumbot/install/mecanumbot_msgs/share/mecanumbot_msgs/srv/SetLedStatus_Request.msg
-- Up-to-date: /home/adorjan/github/mecanumbot/install/mecanumbot_msgs/share/mecanumbot_msgs/srv/SetLedStatus_Response.msg
-- Up-to-date: /home/adorjan/github/mecanumbot/install/mecanumbot_msgs/share/ament_index/resource_index/package_run_dependencies/mecanumbot_msgs
-- Up-to-date: /home/adorjan/github/mecanumbot/install/mecanumbot_msgs/share/ament_index/resource_index/parent_prefix_path/mecanumbot_msgs
-- Up-to-date: /home/adorjan/github/mecanumbot/install/mecanumbot_msgs/share/mecanumbot_msgs/environment/ament_prefix_path.sh
-- Up-to-date: /home/adorjan/github/mecanumbot/install/mecanumbot_msgs/share/mecanumbot_msgs/environment/ament_prefix_path.dsv
-- Up-to-date: /home/adorjan/github/mecanumbot/install/mecanumbot_msgs/share/mecanumbot_msgs/environment/path.sh
-- Up-to-date: /home/adorjan/github/mecanumbot/install/mecanumbot_msgs/share/mecanumbot_msgs/environment/path.dsv
-- Up-to-date: /home/adorjan/github/mecanumbot/install/mecanumbot_msgs/share/mecanumbot_msgs/local_setup.bash
-- Up-to-date: /home/adorjan/github/mecanumbot/install/mecanumbot_msgs/share/mecanumbot_msgs/local_setup.sh
-- Up-to-date: /home/adorjan/github/mecanumbot/install/mecanumbot_msgs/share/mecanumbot_msgs/local_setup.zsh
-- Up-to-date: /home/adorjan/github/mecanumbot/install/mecanumbot_msgs/share/mecanumbot_msgs/local_setup.dsv
-- Installing: /home/adorjan/github/mecanumbot/install/mecanumbot_msgs/share/mecanumbot_msgs/package.dsv
-- Up-to-date: /home/adorjan/github/mecanumbot/install/mecanumbot_msgs/share/ament_index/resource_index/packages/mecanumbot_msgs
-- Up-to-date: /home/adorjan/github/mecanumbot/install/mecanumbot_msgs/share/mecanumbot_msgs/cmake/export_mecanumbot_msgs__rosidl_generator_cExport.cmake
-- Up-to-date: /home/adorjan/github/mecanumbot/install/mecanumbot_msgs/share/mecanumbot_msgs/cmake/export_mecanumbot_msgs__rosidl_generator_cExport-noconfig.cmake
-- Up-to-date: /home/adorjan/github/mecanumbot/install/mecanumbot_msgs/share/mecanumbot_msgs/cmake/export_mecanumbot_msgs__rosidl_typesupport_fastrtps_cExport.cmake
-- Up-to-date: /home/adorjan/github/mecanumbot/install/mecanumbot_msgs/share/mecanumbot_msgs/cmake/export_mecanumbot_msgs__rosidl_typesupport_fastrtps_cExport-noconfig.cmake
-- Up-to-date: /home/adorjan/github/mecanumbot/install/mecanumbot_msgs/share/mecanumbot_msgs/cmake/mecanumbot_msgs__rosidl_typesupport_introspection_cExport.cmake
-- Up-to-date: /home/adorjan/github/mecanumbot/install/mecanumbot_msgs/share/mecanumbot_msgs/cmake/mecanumbot_msgs__rosidl_typesupport_introspection_cExport-noconfig.cmake
-- Up-to-date: /home/adorjan/github/mecanumbot/install/mecanumbot_msgs/share/mecanumbot_msgs/cmake/mecanumbot_msgs__rosidl_typesupport_cExport.cmake
-- Up-to-date: /home/adorjan/github/mecanumbot/install/mecanumbot_msgs/share/mecanumbot_msgs/cmake/mecanumbot_msgs__rosidl_typesupport_cExport-noconfig.cmake
-- Up-to-date: /home/adorjan/github/mecanumbot/install/mecanumbot_msgs/share/mecanumbot_msgs/cmake/export_mecanumbot_msgs__rosidl_generator_cppExport.cmake
-- Up-to-date: /home/adorjan/github/mecanumbot/install/mecanumbot_msgs/share/mecanumbot_msgs/cmake/export_mecanumbot_msgs__rosidl_typesupport_fastrtps_cppExport.cmake
-- Up-to-date: /home/adorjan/github/mecanumbot/install/mecanumbot_msgs/share/mecanumbot_msgs/cmake/export_mecanumbot_msgs__rosidl_typesupport_fastrtps_cppExport-noconfig.cmake
-- Up-to-date: /home/adorjan/github/mecanumbot/install/mecanumbot_msgs/share/mecanumbot_msgs/cmake/mecanumbot_msgs__rosidl_typesupport_introspection_cppExport.cmake
-- Up-to-date: /home/adorjan/github/mecanumbot/install/mecanumbot_msgs/share/mecanumbot_msgs/cmake/mecanumbot_msgs__rosidl_typesupport_introspection_cppExport-noconfig.cmake
-- Up-to-date: /home/adorjan/github/mecanumbot/install/mecanumbot_msgs/share/mecanumbot_msgs/cmake/mecanumbot_msgs__rosidl_typesupport_cppExport.cmake
-- Up-to-date: /home/adorjan/github/mecanumbot/install/mecanumbot_msgs/share/mecanumbot_msgs/cmake/mecanumbot_msgs__rosidl_typesupport_cppExport-noconfig.cmake
-- Up-to-date: /home/adorjan/github/mecanumbot/install/mecanumbot_msgs/share/mecanumbot_msgs/cmake/export_mecanumbot_msgs__rosidl_generator_pyExport.cmake
-- Up-to-date: /home/adorjan/github/mecanumbot/install/mecanumbot_msgs/share/mecanumbot_msgs/cmake/export_mecanumbot_msgs__rosidl_generator_pyExport-noconfig.cmake
-- Up-to-date: /home/adorjan/github/mecanumbot/install/mecanumbot_msgs/share/mecanumbot_msgs/cmake/rosidl_cmake-extras.cmake
-- Up-to-date: /home/adorjan/github/mecanumbot/install/mecanumbot_msgs/share/mecanumbot_msgs/cmake/ament_cmake_export_dependencies-extras.cmake
-- Up-to-date: /home/adorjan/github/mecanumbot/install/mecanumbot_msgs/share/mecanumbot_msgs/cmake/ament_cmake_export_include_directories-extras.cmake
-- Up-to-date: /home/adorjan/github/mecanumbot/install/mecanumbot_msgs/share/mecanumbot_msgs/cmake/ament_cmake_export_libraries-extras.cmake
-- Up-to-date: /home/adorjan/github/mecanumbot/install/mecanumbot_msgs/share/mecanumbot_msgs/cmake/ament_cmake_export_targets-extras.cmake
-- Up-to-date: /home/adorjan/github/mecanumbot/install/mecanumbot_msgs/share/mecanumbot_msgs/cmake/rosidl_cmake_export_typesupport_targets-extras.cmake
-- Up-to-date: /home/adorjan/github/mecanumbot/install/mecanumbot_msgs/share/mecanumbot_msgs/cmake/rosidl_cmake_export_typesupport_libraries-extras.cmake
-- Up-to-date: /home/adorjan/github/mecanumbot/install/mecanumbot_msgs/share/mecanumbot_msgs/cmake/mecanumbot_msgsConfig.cmake
-- Up-to-date: /home/adorjan/github/mecanumbot/install/mecanumbot_msgs/share/mecanumbot_msgs/cmake/mecanumbot_msgsConfig-version.cmake
-- Up-to-date: /home/adorjan/github/mecanumbot/install/mecanumbot_msgs/share/mecanumbot_msgs/package.xml
