[0.011s] Invoking command in '/home/adorjan/github/mecanumbot/build/mecanumbot_description': CMAKE_PREFIX_PATH=${CMAKE_PREFIX_PATH}:/home/adorjan/github/mecanumbot/install/mecanumbot_teleop:/home/adorjan/github/mecanumbot/install/mecanumbot_ledgui:/home/adorjan/github/mecanumbot/install/mecanumbot_led:/opt/ros/humble /usr/bin/cmake --build /home/adorjan/github/mecanumbot/build/mecanumbot_description -- -j8 -l8
[0.249s] Invoked command in '/home/adorjan/github/mecanumbot/build/mecanumbot_description' returned '0': CMAKE_PREFIX_PATH=${CMAKE_PREFIX_PATH}:/home/adorjan/github/mecanumbot/install/mecanumbot_teleop:/home/adorjan/github/mecanumbot/install/mecanumbot_ledgui:/home/adorjan/github/mecanumbot/install/mecanumbot_led:/opt/ros/humble /usr/bin/cmake --build /home/adorjan/github/mecanumbot/build/mecanumbot_description -- -j8 -l8
[0.256s] Invoking command in '/home/adorjan/github/mecanumbot/build/mecanumbot_description': CMAKE_PREFIX_PATH=${CMAKE_PREFIX_PATH}:/home/adorjan/github/mecanumbot/install/mecanumbot_teleop:/home/adorjan/github/mecanumbot/install/mecanumbot_ledgui:/home/adorjan/github/mecanumbot/install/mecanumbot_led:/opt/ros/humble /usr/bin/cmake --install /home/adorjan/github/mecanumbot/build/mecanumbot_description
[0.262s] -- Install configuration: ""
[0.262s] -- Up-to-date: /home/adorjan/github/mecanumbot/install/mecanumbot_description/share/mecanumbot_description/meshes
[0.262s] -- Up-to-date: /home/adorjan/github/mecanumbot/install/mecanumbot_description/share/mecanumbot_description/meshes/wheel.STL
[0.262s] -- Up-to-date: /home/adorjan/github/mecanumbot/install/mecanumbot_description/share/mecanumbot_description/meshes/arm.STL
[0.262s] -- Up-to-date: /home/adorjan/github/mecanumbot/install/mecanumbot_description/share/mecanumbot_description/meshes/arm_left.STL
[0.262s] -- Up-to-date: /home/adorjan/github/mecanumbot/install/mecanumbot_description/share/mecanumbot_description/meshes/base.STL
[0.262s] -- Up-to-date: /home/adorjan/github/mecanumbot/install/mecanumbot_description/share/mecanumbot_description/meshes/lds.stl
[0.262s] -- Up-to-date: /home/adorjan/github/mecanumbot/install/mecanumbot_description/share/mecanumbot_description/meshes/arm_right.STL
[0.262s] -- Up-to-date: /home/adorjan/github/mecanumbot/install/mecanumbot_description/share/mecanumbot_description/meshes/head.STL
[0.262s] -- Up-to-date: /home/adorjan/github/mecanumbot/install/mecanumbot_description/share/mecanumbot_description/meshes/3Dparts
[0.262s] -- Up-to-date: /home/adorjan/github/mecanumbot/install/mecanumbot_description/share/mecanumbot_description/meshes/3Dparts/omniwheel_adapter.stl
[0.263s] -- Up-to-date: /home/adorjan/github/mecanumbot/install/mecanumbot_description/share/mecanumbot_description/meshes/3Dparts/grabbermount_rear.stl
[0.263s] -- Up-to-date: /home/adorjan/github/mecanumbot/install/mecanumbot_description/share/mecanumbot_description/meshes/3Dparts/cam_bridge.stl
[0.263s] -- Up-to-date: /home/adorjan/github/mecanumbot/install/mecanumbot_description/share/mecanumbot_description/meshes/3Dparts/diffuser.stl
[0.263s] -- Up-to-date: /home/adorjan/github/mecanumbot/install/mecanumbot_description/share/mecanumbot_description/meshes/3Dparts/grabbermount_front.stl
[0.263s] -- Up-to-date: /home/adorjan/github/mecanumbot/install/mecanumbot_description/share/mecanumbot_description/rviz
[0.263s] -- Up-to-date: /home/adorjan/github/mecanumbot/install/mecanumbot_description/share/mecanumbot_description/rviz/model.rviz
[0.263s] -- Up-to-date: /home/adorjan/github/mecanumbot/install/mecanumbot_description/share/mecanumbot_description/urdf
[0.263s] -- Up-to-date: /home/adorjan/github/mecanumbot/install/mecanumbot_description/share/mecanumbot_description/urdf/mecanumbot.urdf
[0.263s] -- Up-to-date: /home/adorjan/github/mecanumbot/install/mecanumbot_description/share/mecanumbot_description/urdf/common_properties.urdf
[0.263s] -- Up-to-date: /home/adorjan/github/mecanumbot/install/mecanumbot_description/share/ament_index/resource_index/package_run_dependencies/mecanumbot_description
[0.263s] -- Up-to-date: /home/adorjan/github/mecanumbot/install/mecanumbot_description/share/ament_index/resource_index/parent_prefix_path/mecanumbot_description
[0.263s] -- Up-to-date: /home/adorjan/github/mecanumbot/install/mecanumbot_description/share/mecanumbot_description/environment/ament_prefix_path.sh
[0.263s] -- Up-to-date: /home/adorjan/github/mecanumbot/install/mecanumbot_description/share/mecanumbot_description/environment/ament_prefix_path.dsv
[0.263s] -- Up-to-date: /home/adorjan/github/mecanumbot/install/mecanumbot_description/share/mecanumbot_description/environment/path.sh
[0.263s] -- Up-to-date: /home/adorjan/github/mecanumbot/install/mecanumbot_description/share/mecanumbot_description/environment/path.dsv
[0.263s] -- Up-to-date: /home/adorjan/github/mecanumbot/install/mecanumbot_description/share/mecanumbot_description/local_setup.bash
[0.263s] -- Up-to-date: /home/adorjan/github/mecanumbot/install/mecanumbot_description/share/mecanumbot_description/local_setup.sh
[0.263s] -- Up-to-date: /home/adorjan/github/mecanumbot/install/mecanumbot_description/share/mecanumbot_description/local_setup.zsh
[0.263s] -- Up-to-date: /home/adorjan/github/mecanumbot/install/mecanumbot_description/share/mecanumbot_description/local_setup.dsv
[0.263s] -- Installing: /home/adorjan/github/mecanumbot/install/mecanumbot_description/share/mecanumbot_description/package.dsv
[0.263s] -- Up-to-date: /home/adorjan/github/mecanumbot/install/mecanumbot_description/share/ament_index/resource_index/packages/mecanumbot_description
[0.263s] -- Up-to-date: /home/adorjan/github/mecanumbot/install/mecanumbot_description/share/mecanumbot_description/cmake/mecanumbot_descriptionConfig.cmake
[0.263s] -- Up-to-date: /home/adorjan/github/mecanumbot/install/mecanumbot_description/share/mecanumbot_description/cmake/mecanumbot_descriptionConfig-version.cmake
[0.264s] -- Up-to-date: /home/adorjan/github/mecanumbot/install/mecanumbot_description/share/mecanumbot_description/package.xml
[0.265s] Invoked command in '/home/adorjan/github/mecanumbot/build/mecanumbot_description' returned '0': CMAKE_PREFIX_PATH=${CMAKE_PREFIX_PATH}:/home/adorjan/github/mecanumbot/install/mecanumbot_teleop:/home/adorjan/github/mecanumbot/install/mecanumbot_ledgui:/home/adorjan/github/mecanumbot/install/mecanumbot_led:/opt/ros/humble /usr/bin/cmake --install /home/adorjan/github/mecanumbot/build/mecanumbot_description
