[0.019s] Invoking command in '/home/adorjan/github/mecanumbot/build/mecanumbot_msgs': CMAKE_PREFIX_PATH=${CMAKE_PREFIX_PATH}:/home/adorjan/github/mecanumbot/install/mecanumbot_teleop:/home/adorjan/github/mecanumbot/install/mecanumbot_ledgui:/home/adorjan/github/mecanumbot/install/mecanumbot_led:/opt/ros/humble /usr/bin/cmake --build /home/adorjan/github/mecanumbot/build/mecanumbot_msgs -- -j8 -l8
[0.071s] [ 10%] Built target mecanumbot_msgs__rosidl_generator_c
[0.071s] [ 12%] Built target mecanumbot_msgs__cpp
[0.083s] [ 12%] Built target ament_cmake_python_copy_mecanumbot_msgs
[0.102s] [ 23%] Built target mecanumbot_msgs__rosidl_typesupport_c
[0.103s] [ 34%] Built target mecanumbot_msgs__rosidl_typesupport_fastrtps_c
[0.103s] [ 44%] Built target mecanumbot_msgs__rosidl_typesupport_introspection_c
[0.103s] [ 55%] Built target mecanumbot_msgs__rosidl_typesupport_fastrtps_cpp
[0.106s] [ 65%] Built target mecanumbot_msgs__rosidl_typesupport_introspection_cpp
[0.111s] [ 76%] Built target mecanumbot_msgs__rosidl_typesupport_cpp
[0.134s] [ 76%] Built target mecanumbot_msgs
[0.154s] [ 78%] Built target mecanumbot_msgs__py
[0.176s] [ 87%] Built target mecanumbot_msgs__rosidl_generator_py
[0.200s] [ 91%] Built target mecanumbot_msgs__rosidl_typesupport_introspection_c__pyext
[0.200s] [ 95%] Built target mecanumbot_msgs__rosidl_typesupport_c__pyext
[0.205s] [100%] Built target mecanumbot_msgs__rosidl_typesupport_fastrtps_c__pyext
[0.323s] running egg_info
[0.324s] writing mecanumbot_msgs.egg-info/PKG-INFO
[0.324s] writing dependency_links to mecanumbot_msgs.egg-info/dependency_links.txt
[0.324s] writing top-level names to mecanumbot_msgs.egg-info/top_level.txt
[0.327s] reading manifest file 'mecanumbot_msgs.egg-info/SOURCES.txt'
[0.328s] writing manifest file 'mecanumbot_msgs.egg-info/SOURCES.txt'
[0.354s] [100%] Built target ament_cmake_python_build_mecanumbot_msgs_egg
[0.367s] Invoked command in '/home/adorjan/github/mecanumbot/build/mecanumbot_msgs' returned '0': CMAKE_PREFIX_PATH=${CMAKE_PREFIX_PATH}:/home/adorjan/github/mecanumbot/install/mecanumbot_teleop:/home/adorjan/github/mecanumbot/install/mecanumbot_ledgui:/home/adorjan/github/mecanumbot/install/mecanumbot_led:/opt/ros/humble /usr/bin/cmake --build /home/adorjan/github/mecanumbot/build/mecanumbot_msgs -- -j8 -l8
[0.368s] Invoking command in '/home/adorjan/github/mecanumbot/build/mecanumbot_msgs': CMAKE_PREFIX_PATH=${CMAKE_PREFIX_PATH}:/home/adorjan/github/mecanumbot/install/mecanumbot_teleop:/home/adorjan/github/mecanumbot/install/mecanumbot_ledgui:/home/adorjan/github/mecanumbot/install/mecanumbot_led:/opt/ros/humble /usr/bin/cmake --install /home/adorjan/github/mecanumbot/build/mecanumbot_msgs
[0.378s] -- Install configuration: ""
[0.378s] -- Up-to-date: /home/adorjan/github/mecanumbot/install/mecanumbot_msgs/share/ament_index/resource_index/rosidl_interfaces/mecanumbot_msgs
[0.378s] -- Up-to-date: /home/adorjan/github/mecanumbot/install/mecanumbot_msgs/include/mecanumbot_msgs/mecanumbot_msgs
[0.379s] -- Up-to-date: /home/adorjan/github/mecanumbot/install/mecanumbot_msgs/include/mecanumbot_msgs/mecanumbot_msgs/msg
[0.379s] -- Up-to-date: /home/adorjan/github/mecanumbot/install/mecanumbot_msgs/include/mecanumbot_msgs/mecanumbot_msgs/msg/rosidl_generator_c__visibility_control.h
[0.379s] -- Up-to-date: /home/adorjan/github/mecanumbot/install/mecanumbot_msgs/include/mecanumbot_msgs/mecanumbot_msgs/msg/detail
[0.379s] -- Up-to-date: /home/adorjan/github/mecanumbot/install/mecanumbot_msgs/include/mecanumbot_msgs/mecanumbot_msgs/msg/detail/sensor_state__functions.h
[0.379s] -- Up-to-date: /home/adorjan/github/mecanumbot/install/mecanumbot_msgs/include/mecanumbot_msgs/mecanumbot_msgs/msg/detail/sensor_state__struct.h
[0.379s] -- Up-to-date: /home/adorjan/github/mecanumbot/install/mecanumbot_msgs/include/mecanumbot_msgs/mecanumbot_msgs/msg/detail/sensor_state__type_support.h
[0.379s] -- Up-to-date: /home/adorjan/github/mecanumbot/install/mecanumbot_msgs/include/mecanumbot_msgs/mecanumbot_msgs/msg/detail/sensor_state__functions.c
[0.379s] -- Up-to-date: /home/adorjan/github/mecanumbot/install/mecanumbot_msgs/include/mecanumbot_msgs/mecanumbot_msgs/msg/sensor_state.h
[0.379s] -- Up-to-date: /home/adorjan/github/mecanumbot/install/mecanumbot_msgs/include/mecanumbot_msgs/mecanumbot_msgs/srv
[0.379s] -- Up-to-date: /home/adorjan/github/mecanumbot/install/mecanumbot_msgs/include/mecanumbot_msgs/mecanumbot_msgs/srv/get_led_status.h
[0.380s] -- Up-to-date: /home/adorjan/github/mecanumbot/install/mecanumbot_msgs/include/mecanumbot_msgs/mecanumbot_msgs/srv/set_led_status.h
[0.380s] -- Up-to-date: /home/adorjan/github/mecanumbot/install/mecanumbot_msgs/include/mecanumbot_msgs/mecanumbot_msgs/srv/detail
[0.380s] -- Up-to-date: /home/adorjan/github/mecanumbot/install/mecanumbot_msgs/include/mecanumbot_msgs/mecanumbot_msgs/srv/detail/get_led_status__type_support.h
[0.380s] -- Up-to-date: /home/adorjan/github/mecanumbot/install/mecanumbot_msgs/include/mecanumbot_msgs/mecanumbot_msgs/srv/detail/get_led_status__functions.c
[0.380s] -- Up-to-date: /home/adorjan/github/mecanumbot/install/mecanumbot_msgs/include/mecanumbot_msgs/mecanumbot_msgs/srv/detail/set_led_status__type_support.h
[0.380s] -- Up-to-date: /home/adorjan/github/mecanumbot/install/mecanumbot_msgs/include/mecanumbot_msgs/mecanumbot_msgs/srv/detail/get_led_status__struct.h
[0.380s] -- Up-to-date: /home/adorjan/github/mecanumbot/install/mecanumbot_msgs/include/mecanumbot_msgs/mecanumbot_msgs/srv/detail/set_led_status__functions.h
[0.380s] -- Up-to-date: /home/adorjan/github/mecanumbot/install/mecanumbot_msgs/include/mecanumbot_msgs/mecanumbot_msgs/srv/detail/set_led_status__struct.h
[0.380s] -- Up-to-date: /home/adorjan/github/mecanumbot/install/mecanumbot_msgs/include/mecanumbot_msgs/mecanumbot_msgs/srv/detail/set_led_status__functions.c
[0.380s] -- Up-to-date: /home/adorjan/github/mecanumbot/install/mecanumbot_msgs/include/mecanumbot_msgs/mecanumbot_msgs/srv/detail/get_led_status__functions.h
[0.380s] -- Up-to-date: /home/adorjan/github/mecanumbot/install/mecanumbot_msgs/share/mecanumbot_msgs/environment/library_path.sh
[0.380s] -- Up-to-date: /home/adorjan/github/mecanumbot/install/mecanumbot_msgs/share/mecanumbot_msgs/environment/library_path.dsv
[0.380s] -- Up-to-date: /home/adorjan/github/mecanumbot/install/mecanumbot_msgs/lib/libmecanumbot_msgs__rosidl_generator_c.so
[0.381s] -- Up-to-date: /home/adorjan/github/mecanumbot/install/mecanumbot_msgs/include/mecanumbot_msgs/mecanumbot_msgs
[0.381s] -- Up-to-date: /home/adorjan/github/mecanumbot/install/mecanumbot_msgs/include/mecanumbot_msgs/mecanumbot_msgs/msg
[0.381s] -- Up-to-date: /home/adorjan/github/mecanumbot/install/mecanumbot_msgs/include/mecanumbot_msgs/mecanumbot_msgs/msg/rosidl_typesupport_fastrtps_c__visibility_control.h
[0.381s] -- Up-to-date: /home/adorjan/github/mecanumbot/install/mecanumbot_msgs/include/mecanumbot_msgs/mecanumbot_msgs/msg/detail
[0.381s] -- Up-to-date: /home/adorjan/github/mecanumbot/install/mecanumbot_msgs/include/mecanumbot_msgs/mecanumbot_msgs/msg/detail/sensor_state__rosidl_typesupport_fastrtps_c.h
[0.381s] -- Up-to-date: /home/adorjan/github/mecanumbot/install/mecanumbot_msgs/include/mecanumbot_msgs/mecanumbot_msgs/srv
[0.381s] -- Up-to-date: /home/adorjan/github/mecanumbot/install/mecanumbot_msgs/include/mecanumbot_msgs/mecanumbot_msgs/srv/detail
[0.381s] -- Up-to-date: /home/adorjan/github/mecanumbot/install/mecanumbot_msgs/include/mecanumbot_msgs/mecanumbot_msgs/srv/detail/get_led_status__rosidl_typesupport_fastrtps_c.h
[0.381s] -- Up-to-date: /home/adorjan/github/mecanumbot/install/mecanumbot_msgs/include/mecanumbot_msgs/mecanumbot_msgs/srv/detail/set_led_status__rosidl_typesupport_fastrtps_c.h
[0.381s] -- Up-to-date: /home/adorjan/github/mecanumbot/install/mecanumbot_msgs/lib/libmecanumbot_msgs__rosidl_typesupport_fastrtps_c.so
[0.381s] -- Up-to-date: /home/adorjan/github/mecanumbot/install/mecanumbot_msgs/include/mecanumbot_msgs/mecanumbot_msgs
[0.381s] -- Up-to-date: /home/adorjan/github/mecanumbot/install/mecanumbot_msgs/include/mecanumbot_msgs/mecanumbot_msgs/msg
[0.381s] -- Up-to-date: /home/adorjan/github/mecanumbot/install/mecanumbot_msgs/include/mecanumbot_msgs/mecanumbot_msgs/msg/rosidl_typesupport_introspection_c__visibility_control.h
[0.381s] -- Up-to-date: /home/adorjan/github/mecanumbot/install/mecanumbot_msgs/include/mecanumbot_msgs/mecanumbot_msgs/msg/detail
[0.381s] -- Up-to-date: /home/adorjan/github/mecanumbot/install/mecanumbot_msgs/include/mecanumbot_msgs/mecanumbot_msgs/msg/detail/sensor_state__type_support.c
[0.381s] -- Up-to-date: /home/adorjan/github/mecanumbot/install/mecanumbot_msgs/include/mecanumbot_msgs/mecanumbot_msgs/msg/detail/sensor_state__rosidl_typesupport_introspection_c.h
[0.381s] -- Up-to-date: /home/adorjan/github/mecanumbot/install/mecanumbot_msgs/include/mecanumbot_msgs/mecanumbot_msgs/srv
[0.381s] -- Up-to-date: /home/adorjan/github/mecanumbot/install/mecanumbot_msgs/include/mecanumbot_msgs/mecanumbot_msgs/srv/detail
[0.381s] -- Up-to-date: /home/adorjan/github/mecanumbot/install/mecanumbot_msgs/include/mecanumbot_msgs/mecanumbot_msgs/srv/detail/get_led_status__type_support.c
[0.381s] -- Up-to-date: /home/adorjan/github/mecanumbot/install/mecanumbot_msgs/include/mecanumbot_msgs/mecanumbot_msgs/srv/detail/get_led_status__rosidl_typesupport_introspection_c.h
[0.382s] -- Up-to-date: /home/adorjan/github/mecanumbot/install/mecanumbot_msgs/include/mecanumbot_msgs/mecanumbot_msgs/srv/detail/set_led_status__type_support.c
[0.382s] -- Up-to-date: /home/adorjan/github/mecanumbot/install/mecanumbot_msgs/include/mecanumbot_msgs/mecanumbot_msgs/srv/detail/set_led_status__rosidl_typesupport_introspection_c.h
[0.382s] -- Up-to-date: /home/adorjan/github/mecanumbot/install/mecanumbot_msgs/lib/libmecanumbot_msgs__rosidl_typesupport_introspection_c.so
[0.382s] -- Up-to-date: /home/adorjan/github/mecanumbot/install/mecanumbot_msgs/lib/libmecanumbot_msgs__rosidl_typesupport_c.so
[0.382s] -- Up-to-date: /home/adorjan/github/mecanumbot/install/mecanumbot_msgs/include/mecanumbot_msgs/mecanumbot_msgs
[0.382s] -- Up-to-date: /home/adorjan/github/mecanumbot/install/mecanumbot_msgs/include/mecanumbot_msgs/mecanumbot_msgs/msg
[0.382s] -- Up-to-date: /home/adorjan/github/mecanumbot/install/mecanumbot_msgs/include/mecanumbot_msgs/mecanumbot_msgs/msg/sensor_state.hpp
[0.382s] -- Up-to-date: /home/adorjan/github/mecanumbot/install/mecanumbot_msgs/include/mecanumbot_msgs/mecanumbot_msgs/msg/rosidl_generator_cpp__visibility_control.hpp
[0.382s] -- Up-to-date: /home/adorjan/github/mecanumbot/install/mecanumbot_msgs/include/mecanumbot_msgs/mecanumbot_msgs/msg/detail
[0.382s] -- Up-to-date: /home/adorjan/github/mecanumbot/install/mecanumbot_msgs/include/mecanumbot_msgs/mecanumbot_msgs/msg/detail/sensor_state__traits.hpp
[0.382s] -- Up-to-date: /home/adorjan/github/mecanumbot/install/mecanumbot_msgs/include/mecanumbot_msgs/mecanumbot_msgs/msg/detail/sensor_state__builder.hpp
[0.382s] -- Up-to-date: /home/adorjan/github/mecanumbot/install/mecanumbot_msgs/include/mecanumbot_msgs/mecanumbot_msgs/msg/detail/sensor_state__struct.hpp
[0.382s] -- Up-to-date: /home/adorjan/github/mecanumbot/install/mecanumbot_msgs/include/mecanumbot_msgs/mecanumbot_msgs/msg/detail/sensor_state__type_support.hpp
[0.382s] -- Up-to-date: /home/adorjan/github/mecanumbot/install/mecanumbot_msgs/include/mecanumbot_msgs/mecanumbot_msgs/srv
[0.382s] -- Up-to-date: /home/adorjan/github/mecanumbot/install/mecanumbot_msgs/include/mecanumbot_msgs/mecanumbot_msgs/srv/set_led_status.hpp
[0.382s] -- Up-to-date: /home/adorjan/github/mecanumbot/install/mecanumbot_msgs/include/mecanumbot_msgs/mecanumbot_msgs/srv/get_led_status.hpp
[0.383s] -- Up-to-date: /home/adorjan/github/mecanumbot/install/mecanumbot_msgs/include/mecanumbot_msgs/mecanumbot_msgs/srv/detail
[0.383s] -- Up-to-date: /home/adorjan/github/mecanumbot/install/mecanumbot_msgs/include/mecanumbot_msgs/mecanumbot_msgs/srv/detail/set_led_status__builder.hpp
[0.383s] -- Up-to-date: /home/adorjan/github/mecanumbot/install/mecanumbot_msgs/include/mecanumbot_msgs/mecanumbot_msgs/srv/detail/set_led_status__traits.hpp
[0.383s] -- Up-to-date: /home/adorjan/github/mecanumbot/install/mecanumbot_msgs/include/mecanumbot_msgs/mecanumbot_msgs/srv/detail/get_led_status__traits.hpp
[0.383s] -- Up-to-date: /home/adorjan/github/mecanumbot/install/mecanumbot_msgs/include/mecanumbot_msgs/mecanumbot_msgs/srv/detail/set_led_status__struct.hpp
[0.383s] -- Up-to-date: /home/adorjan/github/mecanumbot/install/mecanumbot_msgs/include/mecanumbot_msgs/mecanumbot_msgs/srv/detail/get_led_status__builder.hpp
[0.383s] -- Up-to-date: /home/adorjan/github/mecanumbot/install/mecanumbot_msgs/include/mecanumbot_msgs/mecanumbot_msgs/srv/detail/get_led_status__struct.hpp
[0.383s] -- Up-to-date: /home/adorjan/github/mecanumbot/install/mecanumbot_msgs/include/mecanumbot_msgs/mecanumbot_msgs/srv/detail/get_led_status__type_support.hpp
[0.383s] -- Up-to-date: /home/adorjan/github/mecanumbot/install/mecanumbot_msgs/include/mecanumbot_msgs/mecanumbot_msgs/srv/detail/set_led_status__type_support.hpp
[0.383s] -- Up-to-date: /home/adorjan/github/mecanumbot/install/mecanumbot_msgs/include/mecanumbot_msgs/mecanumbot_msgs
[0.383s] -- Up-to-date: /home/adorjan/github/mecanumbot/install/mecanumbot_msgs/include/mecanumbot_msgs/mecanumbot_msgs/msg
[0.383s] -- Up-to-date: /home/adorjan/github/mecanumbot/install/mecanumbot_msgs/include/mecanumbot_msgs/mecanumbot_msgs/msg/rosidl_typesupport_fastrtps_cpp__visibility_control.h
[0.383s] -- Up-to-date: /home/adorjan/github/mecanumbot/install/mecanumbot_msgs/include/mecanumbot_msgs/mecanumbot_msgs/msg/detail
[0.383s] -- Up-to-date: /home/adorjan/github/mecanumbot/install/mecanumbot_msgs/include/mecanumbot_msgs/mecanumbot_msgs/msg/detail/sensor_state__rosidl_typesupport_fastrtps_cpp.hpp
[0.383s] -- Up-to-date: /home/adorjan/github/mecanumbot/install/mecanumbot_msgs/include/mecanumbot_msgs/mecanumbot_msgs/msg/detail/dds_fastrtps
[0.383s] -- Up-to-date: /home/adorjan/github/mecanumbot/install/mecanumbot_msgs/include/mecanumbot_msgs/mecanumbot_msgs/srv
[0.383s] -- Up-to-date: /home/adorjan/github/mecanumbot/install/mecanumbot_msgs/include/mecanumbot_msgs/mecanumbot_msgs/srv/detail
[0.383s] -- Up-to-date: /home/adorjan/github/mecanumbot/install/mecanumbot_msgs/include/mecanumbot_msgs/mecanumbot_msgs/srv/detail/dds_fastrtps
[0.383s] -- Up-to-date: /home/adorjan/github/mecanumbot/install/mecanumbot_msgs/include/mecanumbot_msgs/mecanumbot_msgs/srv/detail/set_led_status__rosidl_typesupport_fastrtps_cpp.hpp
[0.383s] -- Up-to-date: /home/adorjan/github/mecanumbot/install/mecanumbot_msgs/include/mecanumbot_msgs/mecanumbot_msgs/srv/detail/get_led_status__rosidl_typesupport_fastrtps_cpp.hpp
[0.384s] -- Up-to-date: /home/adorjan/github/mecanumbot/install/mecanumbot_msgs/lib/libmecanumbot_msgs__rosidl_typesupport_fastrtps_cpp.so
[0.384s] -- Up-to-date: /home/adorjan/github/mecanumbot/install/mecanumbot_msgs/include/mecanumbot_msgs/mecanumbot_msgs
[0.384s] -- Up-to-date: /home/adorjan/github/mecanumbot/install/mecanumbot_msgs/include/mecanumbot_msgs/mecanumbot_msgs/msg
[0.384s] -- Up-to-date: /home/adorjan/github/mecanumbot/install/mecanumbot_msgs/include/mecanumbot_msgs/mecanumbot_msgs/msg/detail
[0.384s] -- Up-to-date: /home/adorjan/github/mecanumbot/install/mecanumbot_msgs/include/mecanumbot_msgs/mecanumbot_msgs/msg/detail/sensor_state__rosidl_typesupport_introspection_cpp.hpp
[0.384s] -- Up-to-date: /home/adorjan/github/mecanumbot/install/mecanumbot_msgs/include/mecanumbot_msgs/mecanumbot_msgs/msg/detail/sensor_state__type_support.cpp
[0.384s] -- Up-to-date: /home/adorjan/github/mecanumbot/install/mecanumbot_msgs/include/mecanumbot_msgs/mecanumbot_msgs/srv
[0.384s] -- Up-to-date: /home/adorjan/github/mecanumbot/install/mecanumbot_msgs/include/mecanumbot_msgs/mecanumbot_msgs/srv/detail
[0.384s] -- Up-to-date: /home/adorjan/github/mecanumbot/install/mecanumbot_msgs/include/mecanumbot_msgs/mecanumbot_msgs/srv/detail/get_led_status__rosidl_typesupport_introspection_cpp.hpp
[0.384s] -- Up-to-date: /home/adorjan/github/mecanumbot/install/mecanumbot_msgs/include/mecanumbot_msgs/mecanumbot_msgs/srv/detail/get_led_status__type_support.cpp
[0.384s] -- Up-to-date: /home/adorjan/github/mecanumbot/install/mecanumbot_msgs/include/mecanumbot_msgs/mecanumbot_msgs/srv/detail/set_led_status__rosidl_typesupport_introspection_cpp.hpp
[0.384s] -- Up-to-date: /home/adorjan/github/mecanumbot/install/mecanumbot_msgs/include/mecanumbot_msgs/mecanumbot_msgs/srv/detail/set_led_status__type_support.cpp
[0.384s] -- Up-to-date: /home/adorjan/github/mecanumbot/install/mecanumbot_msgs/lib/libmecanumbot_msgs__rosidl_typesupport_introspection_cpp.so
[0.384s] -- Up-to-date: /home/adorjan/github/mecanumbot/install/mecanumbot_msgs/lib/libmecanumbot_msgs__rosidl_typesupport_cpp.so
[0.384s] -- Up-to-date: /home/adorjan/github/mecanumbot/install/mecanumbot_msgs/share/mecanumbot_msgs/environment/pythonpath.sh
[0.384s] -- Up-to-date: /home/adorjan/github/mecanumbot/install/mecanumbot_msgs/share/mecanumbot_msgs/environment/pythonpath.dsv
[0.384s] -- Up-to-date: /home/adorjan/github/mecanumbot/install/mecanumbot_msgs/local/lib/python3.10/dist-packages/mecanumbot_msgs-0.0.1-py3.10.egg-info
[0.385s] -- Installing: /home/adorjan/github/mecanumbot/install/mecanumbot_msgs/local/lib/python3.10/dist-packages/mecanumbot_msgs-0.0.1-py3.10.egg-info/dependency_links.txt
[0.385s] -- Installing: /home/adorjan/github/mecanumbot/install/mecanumbot_msgs/local/lib/python3.10/dist-packages/mecanumbot_msgs-0.0.1-py3.10.egg-info/PKG-INFO
[0.385s] -- Installing: /home/adorjan/github/mecanumbot/install/mecanumbot_msgs/local/lib/python3.10/dist-packages/mecanumbot_msgs-0.0.1-py3.10.egg-info/top_level.txt
[0.385s] -- Installing: /home/adorjan/github/mecanumbot/install/mecanumbot_msgs/local/lib/python3.10/dist-packages/mecanumbot_msgs-0.0.1-py3.10.egg-info/SOURCES.txt
[0.385s] -- Up-to-date: /home/adorjan/github/mecanumbot/install/mecanumbot_msgs/local/lib/python3.10/dist-packages/mecanumbot_msgs
[0.385s] -- Up-to-date: /home/adorjan/github/mecanumbot/install/mecanumbot_msgs/local/lib/python3.10/dist-packages/mecanumbot_msgs/libmecanumbot_msgs__rosidl_generator_py.so
[0.385s] -- Up-to-date: /home/adorjan/github/mecanumbot/install/mecanumbot_msgs/local/lib/python3.10/dist-packages/mecanumbot_msgs/_mecanumbot_msgs_s.ep.rosidl_typesupport_fastrtps_c.c
[0.385s] -- Up-to-date: /home/adorjan/github/mecanumbot/install/mecanumbot_msgs/local/lib/python3.10/dist-packages/mecanumbot_msgs/mecanumbot_msgs_s__rosidl_typesupport_introspection_c.cpython-310-x86_64-linux-gnu.so
[0.385s] -- Up-to-date: /home/adorjan/github/mecanumbot/install/mecanumbot_msgs/local/lib/python3.10/dist-packages/mecanumbot_msgs/_mecanumbot_msgs_s.ep.rosidl_typesupport_introspection_c.c
[0.385s] -- Up-to-date: /home/adorjan/github/mecanumbot/install/mecanumbot_msgs/local/lib/python3.10/dist-packages/mecanumbot_msgs/_mecanumbot_msgs_s.ep.rosidl_typesupport_c.c
[0.385s] -- Up-to-date: /home/adorjan/github/mecanumbot/install/mecanumbot_msgs/local/lib/python3.10/dist-packages/mecanumbot_msgs/__init__.py
[0.385s] -- Up-to-date: /home/adorjan/github/mecanumbot/install/mecanumbot_msgs/local/lib/python3.10/dist-packages/mecanumbot_msgs/mecanumbot_msgs_s__rosidl_typesupport_c.cpython-310-x86_64-linux-gnu.so
[0.385s] -- Up-to-date: /home/adorjan/github/mecanumbot/install/mecanumbot_msgs/local/lib/python3.10/dist-packages/mecanumbot_msgs/msg
[0.385s] -- Up-to-date: /home/adorjan/github/mecanumbot/install/mecanumbot_msgs/local/lib/python3.10/dist-packages/mecanumbot_msgs/msg/__init__.py
[0.385s] -- Up-to-date: /home/adorjan/github/mecanumbot/install/mecanumbot_msgs/local/lib/python3.10/dist-packages/mecanumbot_msgs/msg/_sensor_state_s.c
[0.385s] -- Up-to-date: /home/adorjan/github/mecanumbot/install/mecanumbot_msgs/local/lib/python3.10/dist-packages/mecanumbot_msgs/msg/_sensor_state.py
[0.385s] -- Up-to-date: /home/adorjan/github/mecanumbot/install/mecanumbot_msgs/local/lib/python3.10/dist-packages/mecanumbot_msgs/mecanumbot_msgs_s__rosidl_typesupport_fastrtps_c.cpython-310-x86_64-linux-gnu.so
[0.385s] -- Up-to-date: /home/adorjan/github/mecanumbot/install/mecanumbot_msgs/local/lib/python3.10/dist-packages/mecanumbot_msgs/srv
[0.385s] -- Up-to-date: /home/adorjan/github/mecanumbot/install/mecanumbot_msgs/local/lib/python3.10/dist-packages/mecanumbot_msgs/srv/__init__.py
[0.385s] -- Up-to-date: /home/adorjan/github/mecanumbot/install/mecanumbot_msgs/local/lib/python3.10/dist-packages/mecanumbot_msgs/srv/_set_led_status_s.c
[0.385s] -- Up-to-date: /home/adorjan/github/mecanumbot/install/mecanumbot_msgs/local/lib/python3.10/dist-packages/mecanumbot_msgs/srv/_set_led_status.py
[0.385s] -- Up-to-date: /home/adorjan/github/mecanumbot/install/mecanumbot_msgs/local/lib/python3.10/dist-packages/mecanumbot_msgs/srv/_get_led_status.py
[0.386s] -- Up-to-date: /home/adorjan/github/mecanumbot/install/mecanumbot_msgs/local/lib/python3.10/dist-packages/mecanumbot_msgs/srv/_get_led_status_s.c
[0.411s] Listing '/home/adorjan/github/mecanumbot/install/mecanumbot_msgs/local/lib/python3.10/dist-packages/mecanumbot_msgs'...
[0.411s] Listing '/home/adorjan/github/mecanumbot/install/mecanumbot_msgs/local/lib/python3.10/dist-packages/mecanumbot_msgs/msg'...
[0.411s] Listing '/home/adorjan/github/mecanumbot/install/mecanumbot_msgs/local/lib/python3.10/dist-packages/mecanumbot_msgs/srv'...
[0.415s] -- Up-to-date: /home/adorjan/github/mecanumbot/install/mecanumbot_msgs/local/lib/python3.10/dist-packages/mecanumbot_msgs/mecanumbot_msgs_s__rosidl_typesupport_fastrtps_c.cpython-310-x86_64-linux-gnu.so
[0.415s] -- Up-to-date: /home/adorjan/github/mecanumbot/install/mecanumbot_msgs/local/lib/python3.10/dist-packages/mecanumbot_msgs/mecanumbot_msgs_s__rosidl_typesupport_introspection_c.cpython-310-x86_64-linux-gnu.so
[0.415s] -- Up-to-date: /home/adorjan/github/mecanumbot/install/mecanumbot_msgs/local/lib/python3.10/dist-packages/mecanumbot_msgs/mecanumbot_msgs_s__rosidl_typesupport_c.cpython-310-x86_64-linux-gnu.so
[0.416s] -- Up-to-date: /home/adorjan/github/mecanumbot/install/mecanumbot_msgs/lib/libmecanumbot_msgs__rosidl_generator_py.so
[0.416s] -- Up-to-date: /home/adorjan/github/mecanumbot/install/mecanumbot_msgs/share/mecanumbot_msgs/msg/SensorState.idl
[0.416s] -- Up-to-date: /home/adorjan/github/mecanumbot/install/mecanumbot_msgs/share/mecanumbot_msgs/srv/GetLedStatus.idl
[0.416s] -- Up-to-date: /home/adorjan/github/mecanumbot/install/mecanumbot_msgs/share/mecanumbot_msgs/srv/SetLedStatus.idl
[0.416s] -- Up-to-date: /home/adorjan/github/mecanumbot/install/mecanumbot_msgs/share/mecanumbot_msgs/msg/SensorState.msg
[0.416s] -- Up-to-date: /home/adorjan/github/mecanumbot/install/mecanumbot_msgs/share/mecanumbot_msgs/srv/GetLedStatus.srv
[0.416s] -- Up-to-date: /home/adorjan/github/mecanumbot/install/mecanumbot_msgs/share/mecanumbot_msgs/srv/GetLedStatus_Request.msg
[0.416s] -- Up-to-date: /home/adorjan/github/mecanumbot/install/mecanumbot_msgs/share/mecanumbot_msgs/srv/GetLedStatus_Response.msg
[0.416s] -- Up-to-date: /home/adorjan/github/mecanumbot/install/mecanumbot_msgs/share/mecanumbot_msgs/srv/SetLedStatus.srv
[0.417s] -- Up-to-date: /home/adorjan/github/mecanumbot/install/mecanumbot_msgs/share/mecanumbot_msgs/srv/SetLedStatus_Request.msg
[0.417s] -- Up-to-date: /home/adorjan/github/mecanumbot/install/mecanumbot_msgs/share/mecanumbot_msgs/srv/SetLedStatus_Response.msg
[0.417s] -- Up-to-date: /home/adorjan/github/mecanumbot/install/mecanumbot_msgs/share/ament_index/resource_index/package_run_dependencies/mecanumbot_msgs
[0.417s] -- Up-to-date: /home/adorjan/github/mecanumbot/install/mecanumbot_msgs/share/ament_index/resource_index/parent_prefix_path/mecanumbot_msgs
[0.417s] -- Up-to-date: /home/adorjan/github/mecanumbot/install/mecanumbot_msgs/share/mecanumbot_msgs/environment/ament_prefix_path.sh
[0.417s] -- Up-to-date: /home/adorjan/github/mecanumbot/install/mecanumbot_msgs/share/mecanumbot_msgs/environment/ament_prefix_path.dsv
[0.417s] -- Up-to-date: /home/adorjan/github/mecanumbot/install/mecanumbot_msgs/share/mecanumbot_msgs/environment/path.sh
[0.417s] -- Up-to-date: /home/adorjan/github/mecanumbot/install/mecanumbot_msgs/share/mecanumbot_msgs/environment/path.dsv
[0.417s] -- Up-to-date: /home/adorjan/github/mecanumbot/install/mecanumbot_msgs/share/mecanumbot_msgs/local_setup.bash
[0.417s] -- Up-to-date: /home/adorjan/github/mecanumbot/install/mecanumbot_msgs/share/mecanumbot_msgs/local_setup.sh
[0.417s] -- Up-to-date: /home/adorjan/github/mecanumbot/install/mecanumbot_msgs/share/mecanumbot_msgs/local_setup.zsh
[0.417s] -- Up-to-date: /home/adorjan/github/mecanumbot/install/mecanumbot_msgs/share/mecanumbot_msgs/local_setup.dsv
[0.417s] -- Installing: /home/adorjan/github/mecanumbot/install/mecanumbot_msgs/share/mecanumbot_msgs/package.dsv
[0.417s] -- Up-to-date: /home/adorjan/github/mecanumbot/install/mecanumbot_msgs/share/ament_index/resource_index/packages/mecanumbot_msgs
[0.417s] -- Up-to-date: /home/adorjan/github/mecanumbot/install/mecanumbot_msgs/share/mecanumbot_msgs/cmake/export_mecanumbot_msgs__rosidl_generator_cExport.cmake
[0.417s] -- Up-to-date: /home/adorjan/github/mecanumbot/install/mecanumbot_msgs/share/mecanumbot_msgs/cmake/export_mecanumbot_msgs__rosidl_generator_cExport-noconfig.cmake
[0.418s] -- Up-to-date: /home/adorjan/github/mecanumbot/install/mecanumbot_msgs/share/mecanumbot_msgs/cmake/export_mecanumbot_msgs__rosidl_typesupport_fastrtps_cExport.cmake
[0.418s] -- Up-to-date: /home/adorjan/github/mecanumbot/install/mecanumbot_msgs/share/mecanumbot_msgs/cmake/export_mecanumbot_msgs__rosidl_typesupport_fastrtps_cExport-noconfig.cmake
[0.418s] -- Up-to-date: /home/adorjan/github/mecanumbot/install/mecanumbot_msgs/share/mecanumbot_msgs/cmake/mecanumbot_msgs__rosidl_typesupport_introspection_cExport.cmake
[0.418s] -- Up-to-date: /home/adorjan/github/mecanumbot/install/mecanumbot_msgs/share/mecanumbot_msgs/cmake/mecanumbot_msgs__rosidl_typesupport_introspection_cExport-noconfig.cmake
[0.418s] -- Up-to-date: /home/adorjan/github/mecanumbot/install/mecanumbot_msgs/share/mecanumbot_msgs/cmake/mecanumbot_msgs__rosidl_typesupport_cExport.cmake
[0.418s] -- Up-to-date: /home/adorjan/github/mecanumbot/install/mecanumbot_msgs/share/mecanumbot_msgs/cmake/mecanumbot_msgs__rosidl_typesupport_cExport-noconfig.cmake
[0.418s] -- Up-to-date: /home/adorjan/github/mecanumbot/install/mecanumbot_msgs/share/mecanumbot_msgs/cmake/export_mecanumbot_msgs__rosidl_generator_cppExport.cmake
[0.418s] -- Up-to-date: /home/adorjan/github/mecanumbot/install/mecanumbot_msgs/share/mecanumbot_msgs/cmake/export_mecanumbot_msgs__rosidl_typesupport_fastrtps_cppExport.cmake
[0.418s] -- Up-to-date: /home/adorjan/github/mecanumbot/install/mecanumbot_msgs/share/mecanumbot_msgs/cmake/export_mecanumbot_msgs__rosidl_typesupport_fastrtps_cppExport-noconfig.cmake
[0.419s] -- Up-to-date: /home/adorjan/github/mecanumbot/install/mecanumbot_msgs/share/mecanumbot_msgs/cmake/mecanumbot_msgs__rosidl_typesupport_introspection_cppExport.cmake
[0.419s] -- Up-to-date: /home/adorjan/github/mecanumbot/install/mecanumbot_msgs/share/mecanumbot_msgs/cmake/mecanumbot_msgs__rosidl_typesupport_introspection_cppExport-noconfig.cmake
[0.419s] -- Up-to-date: /home/adorjan/github/mecanumbot/install/mecanumbot_msgs/share/mecanumbot_msgs/cmake/mecanumbot_msgs__rosidl_typesupport_cppExport.cmake
[0.419s] -- Up-to-date: /home/adorjan/github/mecanumbot/install/mecanumbot_msgs/share/mecanumbot_msgs/cmake/mecanumbot_msgs__rosidl_typesupport_cppExport-noconfig.cmake
[0.419s] -- Up-to-date: /home/adorjan/github/mecanumbot/install/mecanumbot_msgs/share/mecanumbot_msgs/cmake/export_mecanumbot_msgs__rosidl_generator_pyExport.cmake
[0.419s] -- Up-to-date: /home/adorjan/github/mecanumbot/install/mecanumbot_msgs/share/mecanumbot_msgs/cmake/export_mecanumbot_msgs__rosidl_generator_pyExport-noconfig.cmake
[0.419s] -- Up-to-date: /home/adorjan/github/mecanumbot/install/mecanumbot_msgs/share/mecanumbot_msgs/cmake/rosidl_cmake-extras.cmake
[0.419s] -- Up-to-date: /home/adorjan/github/mecanumbot/install/mecanumbot_msgs/share/mecanumbot_msgs/cmake/ament_cmake_export_dependencies-extras.cmake
[0.420s] -- Up-to-date: /home/adorjan/github/mecanumbot/install/mecanumbot_msgs/share/mecanumbot_msgs/cmake/ament_cmake_export_include_directories-extras.cmake
[0.420s] -- Up-to-date: /home/adorjan/github/mecanumbot/install/mecanumbot_msgs/share/mecanumbot_msgs/cmake/ament_cmake_export_libraries-extras.cmake
[0.420s] -- Up-to-date: /home/adorjan/github/mecanumbot/install/mecanumbot_msgs/share/mecanumbot_msgs/cmake/ament_cmake_export_targets-extras.cmake
[0.420s] -- Up-to-date: /home/adorjan/github/mecanumbot/install/mecanumbot_msgs/share/mecanumbot_msgs/cmake/rosidl_cmake_export_typesupport_targets-extras.cmake
[0.420s] -- Up-to-date: /home/adorjan/github/mecanumbot/install/mecanumbot_msgs/share/mecanumbot_msgs/cmake/rosidl_cmake_export_typesupport_libraries-extras.cmake
[0.420s] -- Up-to-date: /home/adorjan/github/mecanumbot/install/mecanumbot_msgs/share/mecanumbot_msgs/cmake/mecanumbot_msgsConfig.cmake
[0.420s] -- Up-to-date: /home/adorjan/github/mecanumbot/install/mecanumbot_msgs/share/mecanumbot_msgs/cmake/mecanumbot_msgsConfig-version.cmake
[0.420s] -- Up-to-date: /home/adorjan/github/mecanumbot/install/mecanumbot_msgs/share/mecanumbot_msgs/package.xml
[0.424s] Invoked command in '/home/adorjan/github/mecanumbot/build/mecanumbot_msgs' returned '0': CMAKE_PREFIX_PATH=${CMAKE_PREFIX_PATH}:/home/adorjan/github/mecanumbot/install/mecanumbot_teleop:/home/adorjan/github/mecanumbot/install/mecanumbot_ledgui:/home/adorjan/github/mecanumbot/install/mecanumbot_led:/opt/ros/humble /usr/bin/cmake --install /home/adorjan/github/mecanumbot/build/mecanumbot_msgs
