[0.015s] Invoking command in '/home/adorjan/github/mecanumbot/build/mecanumbot_bringup': AMENT_PREFIX_PATH=/home/adorjan/github/mecanumbot/install/mecanumbot_node:/home/adorjan/github/mecanumbot/install/mecanumbot_msgs:/home/adorjan/github/mecanumbot/install/mecanumbot_description:${AMENT_PREFIX_PATH} CMAKE_PREFIX_PATH=/home/adorjan/github/mecanumbot/install/mecanumbot_node:/home/adorjan/github/mecanumbot/install/mecanumbot_msgs:/home/adorjan/github/mecanumbot/install/mecanumbot_description:/opt/ros/humble LD_LIBRARY_PATH=/home/adorjan/github/mecanumbot/install/mecanumbot_msgs/lib:/opt/ros/humble/opt/rviz_ogre_vendor/lib:/opt/ros/humble/lib/x86_64-linux-gnu:/opt/ros/humble/lib:/usr/lib/x86_64-linux-gnu/gazebo-11/plugins PYTHONPATH=/home/adorjan/github/mecanumbot/install/mecanumbot_msgs/local/lib/python3.10/dist-packages:${PYTHONPATH} /usr/bin/cmake /home/adorjan/github/mecanumbot/mecanumbot_bringup -DCMAKE_INSTALL_PREFIX=/home/adorjan/github/mecanumbot/install/mecanumbot_bringup
[0.086s] -- The C compiler identification is GNU 11.4.0
[0.159s] -- The CXX compiler identification is GNU 11.4.0
[0.167s] -- Detecting C compiler ABI info
[0.240s] -- Detecting C compiler ABI info - done
[0.248s] -- Check for working C compiler: /usr/bin/cc - skipped
[0.248s] -- Detecting C compile features
[0.248s] -- Detecting C compile features - done
[0.251s] -- Detecting CXX compiler ABI info
[0.335s] -- Detecting CXX compiler ABI info - done
[0.349s] -- Check for working CXX compiler: /usr/bin/c++ - skipped
[0.349s] -- Detecting CXX compile features
[0.350s] -- Detecting CXX compile features - done
[0.353s] -- Found ament_cmake: 1.3.12 (/opt/ros/humble/share/ament_cmake/cmake)
[0.534s] -- Found Python3: /usr/bin/python3 (found version "3.10.12") found components: Interpreter 
[0.708s] -- Configuring done
[0.710s] -- Generating done
[0.712s] -- Build files have been written to: /home/adorjan/github/mecanumbot/build/mecanumbot_bringup
[0.716s] Invoked command in '/home/adorjan/github/mecanumbot/build/mecanumbot_bringup' returned '0': AMENT_PREFIX_PATH=/home/adorjan/github/mecanumbot/install/mecanumbot_node:/home/adorjan/github/mecanumbot/install/mecanumbot_msgs:/home/adorjan/github/mecanumbot/install/mecanumbot_description:${AMENT_PREFIX_PATH} CMAKE_PREFIX_PATH=/home/adorjan/github/mecanumbot/install/mecanumbot_node:/home/adorjan/github/mecanumbot/install/mecanumbot_msgs:/home/adorjan/github/mecanumbot/install/mecanumbot_description:/opt/ros/humble LD_LIBRARY_PATH=/home/adorjan/github/mecanumbot/install/mecanumbot_msgs/lib:/opt/ros/humble/opt/rviz_ogre_vendor/lib:/opt/ros/humble/lib/x86_64-linux-gnu:/opt/ros/humble/lib:/usr/lib/x86_64-linux-gnu/gazebo-11/plugins PYTHONPATH=/home/adorjan/github/mecanumbot/install/mecanumbot_msgs/local/lib/python3.10/dist-packages:${PYTHONPATH} /usr/bin/cmake /home/adorjan/github/mecanumbot/mecanumbot_bringup -DCMAKE_INSTALL_PREFIX=/home/adorjan/github/mecanumbot/install/mecanumbot_bringup
[0.718s] Invoking command in '/home/adorjan/github/mecanumbot/build/mecanumbot_bringup': AMENT_PREFIX_PATH=/home/adorjan/github/mecanumbot/install/mecanumbot_node:/home/adorjan/github/mecanumbot/install/mecanumbot_msgs:/home/adorjan/github/mecanumbot/install/mecanumbot_description:${AMENT_PREFIX_PATH} CMAKE_PREFIX_PATH=/home/adorjan/github/mecanumbot/install/mecanumbot_node:/home/adorjan/github/mecanumbot/install/mecanumbot_msgs:/home/adorjan/github/mecanumbot/install/mecanumbot_description:/opt/ros/humble LD_LIBRARY_PATH=/home/adorjan/github/mecanumbot/install/mecanumbot_msgs/lib:/opt/ros/humble/opt/rviz_ogre_vendor/lib:/opt/ros/humble/lib/x86_64-linux-gnu:/opt/ros/humble/lib:/usr/lib/x86_64-linux-gnu/gazebo-11/plugins PYTHONPATH=/home/adorjan/github/mecanumbot/install/mecanumbot_msgs/local/lib/python3.10/dist-packages:${PYTHONPATH} /usr/bin/cmake --build /home/adorjan/github/mecanumbot/build/mecanumbot_bringup -- -j8 -l8
[0.754s] Invoked command in '/home/adorjan/github/mecanumbot/build/mecanumbot_bringup' returned '0': AMENT_PREFIX_PATH=/home/adorjan/github/mecanumbot/install/mecanumbot_node:/home/adorjan/github/mecanumbot/install/mecanumbot_msgs:/home/adorjan/github/mecanumbot/install/mecanumbot_description:${AMENT_PREFIX_PATH} CMAKE_PREFIX_PATH=/home/adorjan/github/mecanumbot/install/mecanumbot_node:/home/adorjan/github/mecanumbot/install/mecanumbot_msgs:/home/adorjan/github/mecanumbot/install/mecanumbot_description:/opt/ros/humble LD_LIBRARY_PATH=/home/adorjan/github/mecanumbot/install/mecanumbot_msgs/lib:/opt/ros/humble/opt/rviz_ogre_vendor/lib:/opt/ros/humble/lib/x86_64-linux-gnu:/opt/ros/humble/lib:/usr/lib/x86_64-linux-gnu/gazebo-11/plugins PYTHONPATH=/home/adorjan/github/mecanumbot/install/mecanumbot_msgs/local/lib/python3.10/dist-packages:${PYTHONPATH} /usr/bin/cmake --build /home/adorjan/github/mecanumbot/build/mecanumbot_bringup -- -j8 -l8
[0.756s] Invoking command in '/home/adorjan/github/mecanumbot/build/mecanumbot_bringup': AMENT_PREFIX_PATH=/home/adorjan/github/mecanumbot/install/mecanumbot_node:/home/adorjan/github/mecanumbot/install/mecanumbot_msgs:/home/adorjan/github/mecanumbot/install/mecanumbot_description:${AMENT_PREFIX_PATH} CMAKE_PREFIX_PATH=/home/adorjan/github/mecanumbot/install/mecanumbot_node:/home/adorjan/github/mecanumbot/install/mecanumbot_msgs:/home/adorjan/github/mecanumbot/install/mecanumbot_description:/opt/ros/humble LD_LIBRARY_PATH=/home/adorjan/github/mecanumbot/install/mecanumbot_msgs/lib:/opt/ros/humble/opt/rviz_ogre_vendor/lib:/opt/ros/humble/lib/x86_64-linux-gnu:/opt/ros/humble/lib:/usr/lib/x86_64-linux-gnu/gazebo-11/plugins PYTHONPATH=/home/adorjan/github/mecanumbot/install/mecanumbot_msgs/local/lib/python3.10/dist-packages:${PYTHONPATH} /usr/bin/cmake --install /home/adorjan/github/mecanumbot/build/mecanumbot_bringup
[0.764s] -- Install configuration: ""
[0.764s] -- Up-to-date: /home/adorjan/github/mecanumbot/install/mecanumbot_bringup/share/mecanumbot_bringup/launch
[0.764s] -- Installing: /home/adorjan/github/mecanumbot/install/mecanumbot_bringup/share/mecanumbot_bringup/launch/robot.launch.py
[0.764s] -- Installing: /home/adorjan/github/mecanumbot/install/mecanumbot_bringup/share/mecanumbot_bringup/launch/mecanumbot_state_publisher.launch.py
[0.764s] -- Installing: /home/adorjan/github/mecanumbot/install/mecanumbot_bringup/share/mecanumbot_bringup/launch/camera.launch.py
[0.764s] -- Installing: /home/adorjan/github/mecanumbot/install/mecanumbot_bringup/share/mecanumbot_bringup/launch/rviz2.launch.py
[0.765s] -- Up-to-date: /home/adorjan/github/mecanumbot/install/mecanumbot_bringup/share/mecanumbot_bringup/param
[0.765s] -- Up-to-date: /home/adorjan/github/mecanumbot/install/mecanumbot_bringup/share/mecanumbot_bringup/param/humble
[0.765s] -- Up-to-date: /home/adorjan/github/mecanumbot/install/mecanumbot_bringup/share/mecanumbot_bringup/param/humble/mecanumbot.yaml
[0.765s] -- Up-to-date: /home/adorjan/github/mecanumbot/install/mecanumbot_bringup/share/mecanumbot_bringup/script
[0.765s] -- Installing: /home/adorjan/github/mecanumbot/install/mecanumbot_bringup/share/mecanumbot_bringup/script/90_mecanumbot_nano.rules
[0.765s] -- Installing: /home/adorjan/github/mecanumbot/install/mecanumbot_bringup/share/mecanumbot_bringup/script/99-turtlebot3-cdc.rules
[0.765s] -- Installing: /home/adorjan/github/mecanumbot/install/mecanumbot_bringup/share/ament_index/resource_index/package_run_dependencies/mecanumbot_bringup
[0.765s] -- Installing: /home/adorjan/github/mecanumbot/install/mecanumbot_bringup/share/ament_index/resource_index/parent_prefix_path/mecanumbot_bringup
[0.765s] -- Installing: /home/adorjan/github/mecanumbot/install/mecanumbot_bringup/share/mecanumbot_bringup/environment/ament_prefix_path.sh
[0.765s] -- Installing: /home/adorjan/github/mecanumbot/install/mecanumbot_bringup/share/mecanumbot_bringup/environment/ament_prefix_path.dsv
[0.766s] -- Installing: /home/adorjan/github/mecanumbot/install/mecanumbot_bringup/share/mecanumbot_bringup/environment/path.sh
[0.766s] -- Installing: /home/adorjan/github/mecanumbot/install/mecanumbot_bringup/share/mecanumbot_bringup/environment/path.dsv
[0.766s] -- Installing: /home/adorjan/github/mecanumbot/install/mecanumbot_bringup/share/mecanumbot_bringup/local_setup.bash
[0.766s] -- Installing: /home/adorjan/github/mecanumbot/install/mecanumbot_bringup/share/mecanumbot_bringup/local_setup.sh
[0.766s] -- Installing: /home/adorjan/github/mecanumbot/install/mecanumbot_bringup/share/mecanumbot_bringup/local_setup.zsh
[0.767s] -- Installing: /home/adorjan/github/mecanumbot/install/mecanumbot_bringup/share/mecanumbot_bringup/local_setup.dsv
[0.767s] -- Installing: /home/adorjan/github/mecanumbot/install/mecanumbot_bringup/share/mecanumbot_bringup/package.dsv
[0.767s] -- Installing: /home/adorjan/github/mecanumbot/install/mecanumbot_bringup/share/ament_index/resource_index/packages/mecanumbot_bringup
[0.767s] -- Installing: /home/adorjan/github/mecanumbot/install/mecanumbot_bringup/share/mecanumbot_bringup/cmake/mecanumbot_bringupConfig.cmake
[0.767s] -- Installing: /home/adorjan/github/mecanumbot/install/mecanumbot_bringup/share/mecanumbot_bringup/cmake/mecanumbot_bringupConfig-version.cmake
[0.768s] -- Installing: /home/adorjan/github/mecanumbot/install/mecanumbot_bringup/share/mecanumbot_bringup/package.xml
[0.770s] Invoked command in '/home/adorjan/github/mecanumbot/build/mecanumbot_bringup' returned '0': AMENT_PREFIX_PATH=/home/adorjan/github/mecanumbot/install/mecanumbot_node:/home/adorjan/github/mecanumbot/install/mecanumbot_msgs:/home/adorjan/github/mecanumbot/install/mecanumbot_description:${AMENT_PREFIX_PATH} CMAKE_PREFIX_PATH=/home/adorjan/github/mecanumbot/install/mecanumbot_node:/home/adorjan/github/mecanumbot/install/mecanumbot_msgs:/home/adorjan/github/mecanumbot/install/mecanumbot_description:/opt/ros/humble LD_LIBRARY_PATH=/home/adorjan/github/mecanumbot/install/mecanumbot_msgs/lib:/opt/ros/humble/opt/rviz_ogre_vendor/lib:/opt/ros/humble/lib/x86_64-linux-gnu:/opt/ros/humble/lib:/usr/lib/x86_64-linux-gnu/gazebo-11/plugins PYTHONPATH=/home/adorjan/github/mecanumbot/install/mecanumbot_msgs/local/lib/python3.10/dist-packages:${PYTHONPATH} /usr/bin/cmake --install /home/adorjan/github/mecanumbot/build/mecanumbot_bringup
