[0.019s] Invoking command in '/home/adorjan/github/mecanumbot/build/mecanumbot_node': CMAKE_PREFIX_PATH=/home/adorjan/github/mecanumbot/install/mecanumbot_msgs:/home/adorjan/github/mecanumbot/install/mecanumbot:/home/adorjan/github/mecanumbot/install/mecanumbot_bringup:/home/adorjan/github/mecanumbot/install/mecanumbot_node:/home/adorjan/github/mecanumbot/install/mecanumbot_description:/home/adorjan/github/mecanumbot/install/mecanumbot_teleop:/home/adorjan/github/mecanumbot/install/mecanumbot_ledgui:/home/adorjan/github/mecanumbot/install/mecanumbot_led:/opt/ros/humble LD_LIBRARY_PATH=/home/adorjan/github/mecanumbot/install/mecanumbot_msgs/lib:/opt/ros/humble/opt/rviz_ogre_vendor/lib:/opt/ros/humble/lib/x86_64-linux-gnu:/opt/ros/humble/lib:/usr/lib/x86_64-linux-gnu/gazebo-11/plugins /usr/bin/cmake --build /home/adorjan/github/mecanumbot/build/mecanumbot_node -- -j8 -l8
[0.247s] [ 85%] Built target mecanumbot_node_lib
[0.247s] [100%] Built target mecanumbot_ros
[0.438s] Invoked command in '/home/adorjan/github/mecanumbot/build/mecanumbot_node' returned '0': CMAKE_PREFIX_PATH=/home/adorjan/github/mecanumbot/install/mecanumbot_msgs:/home/adorjan/github/mecanumbot/install/mecanumbot:/home/adorjan/github/mecanumbot/install/mecanumbot_bringup:/home/adorjan/github/mecanumbot/install/mecanumbot_node:/home/adorjan/github/mecanumbot/install/mecanumbot_description:/home/adorjan/github/mecanumbot/install/mecanumbot_teleop:/home/adorjan/github/mecanumbot/install/mecanumbot_ledgui:/home/adorjan/github/mecanumbot/install/mecanumbot_led:/opt/ros/humble LD_LIBRARY_PATH=/home/adorjan/github/mecanumbot/install/mecanumbot_msgs/lib:/opt/ros/humble/opt/rviz_ogre_vendor/lib:/opt/ros/humble/lib/x86_64-linux-gnu:/opt/ros/humble/lib:/usr/lib/x86_64-linux-gnu/gazebo-11/plugins /usr/bin/cmake --build /home/adorjan/github/mecanumbot/build/mecanumbot_node -- -j8 -l8
[0.439s] Invoking command in '/home/adorjan/github/mecanumbot/build/mecanumbot_node': CMAKE_PREFIX_PATH=/home/adorjan/github/mecanumbot/install/mecanumbot_msgs:/home/adorjan/github/mecanumbot/install/mecanumbot:/home/adorjan/github/mecanumbot/install/mecanumbot_bringup:/home/adorjan/github/mecanumbot/install/mecanumbot_node:/home/adorjan/github/mecanumbot/install/mecanumbot_description:/home/adorjan/github/mecanumbot/install/mecanumbot_teleop:/home/adorjan/github/mecanumbot/install/mecanumbot_ledgui:/home/adorjan/github/mecanumbot/install/mecanumbot_led:/opt/ros/humble LD_LIBRARY_PATH=/home/adorjan/github/mecanumbot/install/mecanumbot_msgs/lib:/opt/ros/humble/opt/rviz_ogre_vendor/lib:/opt/ros/humble/lib/x86_64-linux-gnu:/opt/ros/humble/lib:/usr/lib/x86_64-linux-gnu/gazebo-11/plugins /usr/bin/cmake --install /home/adorjan/github/mecanumbot/build/mecanumbot_node
[0.446s] -- Install configuration: ""
[0.446s] -- Up-to-date: /home/adorjan/github/mecanumbot/install/mecanumbot_node/share/mecanumbot_node/param
[0.446s] -- Up-to-date: /home/adorjan/github/mecanumbot/install/mecanumbot_node/share/mecanumbot_node/param/mecanumbot.yaml
[0.446s] -- Up-to-date: /home/adorjan/github/mecanumbot/install/mecanumbot_node/lib/mecanumbot_node/mecanumbot_ros
[0.446s] -- Up-to-date: /home/adorjan/github/mecanumbot/install/mecanumbot_node/share/ament_index/resource_index/package_run_dependencies/mecanumbot_node
[0.446s] -- Up-to-date: /home/adorjan/github/mecanumbot/install/mecanumbot_node/share/ament_index/resource_index/parent_prefix_path/mecanumbot_node
[0.447s] -- Up-to-date: /home/adorjan/github/mecanumbot/install/mecanumbot_node/share/mecanumbot_node/environment/ament_prefix_path.sh
[0.447s] -- Up-to-date: /home/adorjan/github/mecanumbot/install/mecanumbot_node/share/mecanumbot_node/environment/ament_prefix_path.dsv
[0.447s] -- Up-to-date: /home/adorjan/github/mecanumbot/install/mecanumbot_node/share/mecanumbot_node/environment/path.sh
[0.447s] -- Up-to-date: /home/adorjan/github/mecanumbot/install/mecanumbot_node/share/mecanumbot_node/environment/path.dsv
[0.447s] -- Up-to-date: /home/adorjan/github/mecanumbot/install/mecanumbot_node/share/mecanumbot_node/local_setup.bash
[0.448s] -- Up-to-date: /home/adorjan/github/mecanumbot/install/mecanumbot_node/share/mecanumbot_node/local_setup.sh
[0.448s] -- Up-to-date: /home/adorjan/github/mecanumbot/install/mecanumbot_node/share/mecanumbot_node/local_setup.zsh
[0.448s] -- Up-to-date: /home/adorjan/github/mecanumbot/install/mecanumbot_node/share/mecanumbot_node/local_setup.dsv
[0.448s] -- Installing: /home/adorjan/github/mecanumbot/install/mecanumbot_node/share/mecanumbot_node/package.dsv
[0.448s] -- Up-to-date: /home/adorjan/github/mecanumbot/install/mecanumbot_node/share/ament_index/resource_index/packages/mecanumbot_node
[0.448s] -- Up-to-date: /home/adorjan/github/mecanumbot/install/mecanumbot_node/share/mecanumbot_node/cmake/ament_cmake_export_dependencies-extras.cmake
[0.448s] -- Up-to-date: /home/adorjan/github/mecanumbot/install/mecanumbot_node/share/mecanumbot_node/cmake/ament_cmake_export_include_directories-extras.cmake
[0.448s] -- Up-to-date: /home/adorjan/github/mecanumbot/install/mecanumbot_node/share/mecanumbot_node/cmake/mecanumbot_nodeConfig.cmake
[0.449s] -- Up-to-date: /home/adorjan/github/mecanumbot/install/mecanumbot_node/share/mecanumbot_node/cmake/mecanumbot_nodeConfig-version.cmake
[0.449s] -- Up-to-date: /home/adorjan/github/mecanumbot/install/mecanumbot_node/share/mecanumbot_node/package.xml
[0.452s] Invoked command in '/home/adorjan/github/mecanumbot/build/mecanumbot_node' returned '0': CMAKE_PREFIX_PATH=/home/adorjan/github/mecanumbot/install/mecanumbot_msgs:/home/adorjan/github/mecanumbot/install/mecanumbot:/home/adorjan/github/mecanumbot/install/mecanumbot_bringup:/home/adorjan/github/mecanumbot/install/mecanumbot_node:/home/adorjan/github/mecanumbot/install/mecanumbot_description:/home/adorjan/github/mecanumbot/install/mecanumbot_teleop:/home/adorjan/github/mecanumbot/install/mecanumbot_ledgui:/home/adorjan/github/mecanumbot/install/mecanumbot_led:/opt/ros/humble LD_LIBRARY_PATH=/home/adorjan/github/mecanumbot/install/mecanumbot_msgs/lib:/opt/ros/humble/opt/rviz_ogre_vendor/lib:/opt/ros/humble/lib/x86_64-linux-gnu:/opt/ros/humble/lib:/usr/lib/x86_64-linux-gnu/gazebo-11/plugins /usr/bin/cmake --install /home/adorjan/github/mecanumbot/build/mecanumbot_node
