[0.558s] Invoking command in '/home/adorjan/github/mecanumbot/mecanumbot_teleop': PYTHONPATH=/home/adorjan/github/mecanumbot/build/mecanumbot_teleop/prefix_override:/usr/lib/python3/dist-packages/colcon_core/task/python/colcon_distutils_commands:/home/adorjan/github/mecanumbot/install/mecanumbot_teleop/lib/python3.10/site-packages:${PYTHONPATH} /usr/bin/python3 -W ignore:setup.py install is deprecated -W ignore:easy_install command is deprecated setup.py egg_info --egg-base ../build/mecanumbot_teleop build --build-base /home/adorjan/github/mecanumbot/build/mecanumbot_teleop/build install --record /home/adorjan/github/mecanumbot/build/mecanumbot_teleop/install.log --single-version-externally-managed install_data
[0.728s] running egg_info
[0.728s] creating ../build/mecanumbot_teleop/mecanumbot_teleop.egg-info
[0.729s] writing ../build/mecanumbot_teleop/mecanumbot_teleop.egg-info/PKG-INFO
[0.729s] writing dependency_links to ../build/mecanumbot_teleop/mecanumbot_teleop.egg-info/dependency_links.txt
[0.729s] writing entry points to ../build/mecanumbot_teleop/mecanumbot_teleop.egg-info/entry_points.txt
[0.729s] writing requirements to ../build/mecanumbot_teleop/mecanumbot_teleop.egg-info/requires.txt
[0.729s] writing top-level names to ../build/mecanumbot_teleop/mecanumbot_teleop.egg-info/top_level.txt
[0.729s] writing manifest file '../build/mecanumbot_teleop/mecanumbot_teleop.egg-info/SOURCES.txt'
[0.730s] reading manifest file '../build/mecanumbot_teleop/mecanumbot_teleop.egg-info/SOURCES.txt'
[0.731s] writing manifest file '../build/mecanumbot_teleop/mecanumbot_teleop.egg-info/SOURCES.txt'
[0.731s] running build
[0.731s] running build_py
[0.731s] creating /home/adorjan/github/mecanumbot/build/mecanumbot_teleop/build
[0.731s] creating /home/adorjan/github/mecanumbot/build/mecanumbot_teleop/build/lib
[0.731s] creating /home/adorjan/github/mecanumbot/build/mecanumbot_teleop/build/lib/mecanumbot_teleop
[0.731s] copying mecanumbot_teleop/__init__.py -> /home/adorjan/github/mecanumbot/build/mecanumbot_teleop/build/lib/mecanumbot_teleop
[0.732s] creating /home/adorjan/github/mecanumbot/build/mecanumbot_teleop/build/lib/mecanumbot_teleop/script
[0.732s] copying mecanumbot_teleop/script/__init__.py -> /home/adorjan/github/mecanumbot/build/mecanumbot_teleop/build/lib/mecanumbot_teleop/script
[0.732s] copying mecanumbot_teleop/script/teleop_keyboard.py -> /home/adorjan/github/mecanumbot/build/mecanumbot_teleop/build/lib/mecanumbot_teleop/script
[0.732s] running install
[0.733s] running install_lib
[0.733s] creating /home/adorjan/github/mecanumbot/install/mecanumbot_teleop/lib/python3.10/site-packages/mecanumbot_teleop
[0.733s] copying /home/adorjan/github/mecanumbot/build/mecanumbot_teleop/build/lib/mecanumbot_teleop/__init__.py -> /home/adorjan/github/mecanumbot/install/mecanumbot_teleop/lib/python3.10/site-packages/mecanumbot_teleop
[0.733s] creating /home/adorjan/github/mecanumbot/install/mecanumbot_teleop/lib/python3.10/site-packages/mecanumbot_teleop/script
[0.733s] copying /home/adorjan/github/mecanumbot/build/mecanumbot_teleop/build/lib/mecanumbot_teleop/script/__init__.py -> /home/adorjan/github/mecanumbot/install/mecanumbot_teleop/lib/python3.10/site-packages/mecanumbot_teleop/script
[0.734s] copying /home/adorjan/github/mecanumbot/build/mecanumbot_teleop/build/lib/mecanumbot_teleop/script/teleop_keyboard.py -> /home/adorjan/github/mecanumbot/install/mecanumbot_teleop/lib/python3.10/site-packages/mecanumbot_teleop/script
[0.734s] byte-compiling /home/adorjan/github/mecanumbot/install/mecanumbot_teleop/lib/python3.10/site-packages/mecanumbot_teleop/__init__.py to __init__.cpython-310.pyc
[0.734s] byte-compiling /home/adorjan/github/mecanumbot/install/mecanumbot_teleop/lib/python3.10/site-packages/mecanumbot_teleop/script/__init__.py to __init__.cpython-310.pyc
[0.734s] byte-compiling /home/adorjan/github/mecanumbot/install/mecanumbot_teleop/lib/python3.10/site-packages/mecanumbot_teleop/script/teleop_keyboard.py to teleop_keyboard.cpython-310.pyc
[0.735s] running install_data
[0.735s] running install_egg_info
[0.737s] Copying ../build/mecanumbot_teleop/mecanumbot_teleop.egg-info to /home/adorjan/github/mecanumbot/install/mecanumbot_teleop/lib/python3.10/site-packages/mecanumbot_teleop-2.3.3-py3.10.egg-info
[0.737s] running install_scripts
[0.750s] Installing mecanumbot_keyboard script to /home/adorjan/github/mecanumbot/install/mecanumbot_teleop/lib/mecanumbot_teleop
[0.750s] writing list of installed files to '/home/adorjan/github/mecanumbot/build/mecanumbot_teleop/install.log'
[0.770s] Invoked command in '/home/adorjan/github/mecanumbot/mecanumbot_teleop' returned '0': PYTHONPATH=/home/adorjan/github/mecanumbot/build/mecanumbot_teleop/prefix_override:/usr/lib/python3/dist-packages/colcon_core/task/python/colcon_distutils_commands:/home/adorjan/github/mecanumbot/install/mecanumbot_teleop/lib/python3.10/site-packages:${PYTHONPATH} /usr/bin/python3 -W ignore:setup.py install is deprecated -W ignore:easy_install command is deprecated setup.py egg_info --egg-base ../build/mecanumbot_teleop build --build-base /home/adorjan/github/mecanumbot/build/mecanumbot_teleop/build install --record /home/adorjan/github/mecanumbot/build/mecanumbot_teleop/install.log --single-version-externally-managed install_data
