[0.013s] Invoking command in '/home/adorjan/github/mecanumbot/build/mecanumbot': AMENT_PREFIX_PATH=/home/adorjan/github/mecanumbot/install/mecanumbot_bringup:/home/adorjan/github/mecanumbot/install/mecanumbot_node:/home/adorjan/github/mecanumbot/install/mecanumbot_ledgui:/home/adorjan/github/mecanumbot/install/mecanumbot_led:/home/adorjan/github/mecanumbot/install/mecanumbot_teleop:/home/adorjan/github/mecanumbot/install/mecanumbot_msgs:/home/adorjan/github/mecanumbot/install/mecanumbot_description:${AMENT_PREFIX_PATH} CMAKE_PREFIX_PATH=/home/adorjan/github/mecanumbot/install/mecanumbot_bringup:/home/adorjan/github/mecanumbot/install/mecanumbot_node:/home/adorjan/github/mecanumbot/install/mecanumbot_msgs:/home/adorjan/github/mecanumbot/install/mecanumbot_description:/opt/ros/humble LD_LIBRARY_PATH=/home/adorjan/github/mecanumbot/install/mecanumbot_msgs/lib:/opt/ros/humble/opt/rviz_ogre_vendor/lib:/opt/ros/humble/lib/x86_64-linux-gnu:/opt/ros/humble/lib:/usr/lib/x86_64-linux-gnu/gazebo-11/plugins PYTHONPATH=/home/adorjan/github/mecanumbot/install/mecanumbot_ledgui/lib/python3.10/site-packages:/home/adorjan/github/mecanumbot/install/mecanumbot_led/lib/python3.10/site-packages:/home/adorjan/github/mecanumbot/install/mecanumbot_teleop/lib/python3.10/site-packages:/home/adorjan/github/mecanumbot/install/mecanumbot_msgs/local/lib/python3.10/dist-packages:${PYTHONPATH} /usr/bin/cmake /home/adorjan/github/mecanumbot/mecanumbot -DCMAKE_INSTALL_PREFIX=/home/adorjan/github/mecanumbot/install/mecanumbot
[0.077s] -- The C compiler identification is GNU 11.4.0
[0.137s] -- The CXX compiler identification is GNU 11.4.0
[0.144s] -- Detecting C compiler ABI info
[0.218s] -- Detecting C compiler ABI info - done
[0.229s] -- Check for working C compiler: /usr/bin/cc - skipped
[0.229s] -- Detecting C compile features
[0.229s] -- Detecting C compile features - done
[0.234s] -- Detecting CXX compiler ABI info
[0.319s] -- Detecting CXX compiler ABI info - done
[0.327s] -- Check for working CXX compiler: /usr/bin/c++ - skipped
[0.327s] -- Detecting CXX compile features
[0.328s] -- Detecting CXX compile features - done
[0.331s] -- Found ament_cmake: 1.3.12 (/opt/ros/humble/share/ament_cmake/cmake)
[0.519s] -- Found Python3: /usr/bin/python3 (found version "3.10.12") found components: Interpreter 
[0.690s] -- Configuring done
[0.692s] -- Generating done
[0.694s] -- Build files have been written to: /home/adorjan/github/mecanumbot/build/mecanumbot
[0.699s] Invoked command in '/home/adorjan/github/mecanumbot/build/mecanumbot' returned '0': AMENT_PREFIX_PATH=/home/adorjan/github/mecanumbot/install/mecanumbot_bringup:/home/adorjan/github/mecanumbot/install/mecanumbot_node:/home/adorjan/github/mecanumbot/install/mecanumbot_ledgui:/home/adorjan/github/mecanumbot/install/mecanumbot_led:/home/adorjan/github/mecanumbot/install/mecanumbot_teleop:/home/adorjan/github/mecanumbot/install/mecanumbot_msgs:/home/adorjan/github/mecanumbot/install/mecanumbot_description:${AMENT_PREFIX_PATH} CMAKE_PREFIX_PATH=/home/adorjan/github/mecanumbot/install/mecanumbot_bringup:/home/adorjan/github/mecanumbot/install/mecanumbot_node:/home/adorjan/github/mecanumbot/install/mecanumbot_msgs:/home/adorjan/github/mecanumbot/install/mecanumbot_description:/opt/ros/humble LD_LIBRARY_PATH=/home/adorjan/github/mecanumbot/install/mecanumbot_msgs/lib:/opt/ros/humble/opt/rviz_ogre_vendor/lib:/opt/ros/humble/lib/x86_64-linux-gnu:/opt/ros/humble/lib:/usr/lib/x86_64-linux-gnu/gazebo-11/plugins PYTHONPATH=/home/adorjan/github/mecanumbot/install/mecanumbot_ledgui/lib/python3.10/site-packages:/home/adorjan/github/mecanumbot/install/mecanumbot_led/lib/python3.10/site-packages:/home/adorjan/github/mecanumbot/install/mecanumbot_teleop/lib/python3.10/site-packages:/home/adorjan/github/mecanumbot/install/mecanumbot_msgs/local/lib/python3.10/dist-packages:${PYTHONPATH} /usr/bin/cmake /home/adorjan/github/mecanumbot/mecanumbot -DCMAKE_INSTALL_PREFIX=/home/adorjan/github/mecanumbot/install/mecanumbot
[0.700s] Invoking command in '/home/adorjan/github/mecanumbot/build/mecanumbot': AMENT_PREFIX_PATH=/home/adorjan/github/mecanumbot/install/mecanumbot_bringup:/home/adorjan/github/mecanumbot/install/mecanumbot_node:/home/adorjan/github/mecanumbot/install/mecanumbot_ledgui:/home/adorjan/github/mecanumbot/install/mecanumbot_led:/home/adorjan/github/mecanumbot/install/mecanumbot_teleop:/home/adorjan/github/mecanumbot/install/mecanumbot_msgs:/home/adorjan/github/mecanumbot/install/mecanumbot_description:${AMENT_PREFIX_PATH} CMAKE_PREFIX_PATH=/home/adorjan/github/mecanumbot/install/mecanumbot_bringup:/home/adorjan/github/mecanumbot/install/mecanumbot_node:/home/adorjan/github/mecanumbot/install/mecanumbot_msgs:/home/adorjan/github/mecanumbot/install/mecanumbot_description:/opt/ros/humble LD_LIBRARY_PATH=/home/adorjan/github/mecanumbot/install/mecanumbot_msgs/lib:/opt/ros/humble/opt/rviz_ogre_vendor/lib:/opt/ros/humble/lib/x86_64-linux-gnu:/opt/ros/humble/lib:/usr/lib/x86_64-linux-gnu/gazebo-11/plugins PYTHONPATH=/home/adorjan/github/mecanumbot/install/mecanumbot_ledgui/lib/python3.10/site-packages:/home/adorjan/github/mecanumbot/install/mecanumbot_led/lib/python3.10/site-packages:/home/adorjan/github/mecanumbot/install/mecanumbot_teleop/lib/python3.10/site-packages:/home/adorjan/github/mecanumbot/install/mecanumbot_msgs/local/lib/python3.10/dist-packages:${PYTHONPATH} /usr/bin/cmake --build /home/adorjan/github/mecanumbot/build/mecanumbot -- -j8 -l8
[0.737s] Invoked command in '/home/adorjan/github/mecanumbot/build/mecanumbot' returned '0': AMENT_PREFIX_PATH=/home/adorjan/github/mecanumbot/install/mecanumbot_bringup:/home/adorjan/github/mecanumbot/install/mecanumbot_node:/home/adorjan/github/mecanumbot/install/mecanumbot_ledgui:/home/adorjan/github/mecanumbot/install/mecanumbot_led:/home/adorjan/github/mecanumbot/install/mecanumbot_teleop:/home/adorjan/github/mecanumbot/install/mecanumbot_msgs:/home/adorjan/github/mecanumbot/install/mecanumbot_description:${AMENT_PREFIX_PATH} CMAKE_PREFIX_PATH=/home/adorjan/github/mecanumbot/install/mecanumbot_bringup:/home/adorjan/github/mecanumbot/install/mecanumbot_node:/home/adorjan/github/mecanumbot/install/mecanumbot_msgs:/home/adorjan/github/mecanumbot/install/mecanumbot_description:/opt/ros/humble LD_LIBRARY_PATH=/home/adorjan/github/mecanumbot/install/mecanumbot_msgs/lib:/opt/ros/humble/opt/rviz_ogre_vendor/lib:/opt/ros/humble/lib/x86_64-linux-gnu:/opt/ros/humble/lib:/usr/lib/x86_64-linux-gnu/gazebo-11/plugins PYTHONPATH=/home/adorjan/github/mecanumbot/install/mecanumbot_ledgui/lib/python3.10/site-packages:/home/adorjan/github/mecanumbot/install/mecanumbot_led/lib/python3.10/site-packages:/home/adorjan/github/mecanumbot/install/mecanumbot_teleop/lib/python3.10/site-packages:/home/adorjan/github/mecanumbot/install/mecanumbot_msgs/local/lib/python3.10/dist-packages:${PYTHONPATH} /usr/bin/cmake --build /home/adorjan/github/mecanumbot/build/mecanumbot -- -j8 -l8
[0.739s] Invoking command in '/home/adorjan/github/mecanumbot/build/mecanumbot': AMENT_PREFIX_PATH=/home/adorjan/github/mecanumbot/install/mecanumbot_bringup:/home/adorjan/github/mecanumbot/install/mecanumbot_node:/home/adorjan/github/mecanumbot/install/mecanumbot_ledgui:/home/adorjan/github/mecanumbot/install/mecanumbot_led:/home/adorjan/github/mecanumbot/install/mecanumbot_teleop:/home/adorjan/github/mecanumbot/install/mecanumbot_msgs:/home/adorjan/github/mecanumbot/install/mecanumbot_description:${AMENT_PREFIX_PATH} CMAKE_PREFIX_PATH=/home/adorjan/github/mecanumbot/install/mecanumbot_bringup:/home/adorjan/github/mecanumbot/install/mecanumbot_node:/home/adorjan/github/mecanumbot/install/mecanumbot_msgs:/home/adorjan/github/mecanumbot/install/mecanumbot_description:/opt/ros/humble LD_LIBRARY_PATH=/home/adorjan/github/mecanumbot/install/mecanumbot_msgs/lib:/opt/ros/humble/opt/rviz_ogre_vendor/lib:/opt/ros/humble/lib/x86_64-linux-gnu:/opt/ros/humble/lib:/usr/lib/x86_64-linux-gnu/gazebo-11/plugins PYTHONPATH=/home/adorjan/github/mecanumbot/install/mecanumbot_ledgui/lib/python3.10/site-packages:/home/adorjan/github/mecanumbot/install/mecanumbot_led/lib/python3.10/site-packages:/home/adorjan/github/mecanumbot/install/mecanumbot_teleop/lib/python3.10/site-packages:/home/adorjan/github/mecanumbot/install/mecanumbot_msgs/local/lib/python3.10/dist-packages:${PYTHONPATH} /usr/bin/cmake --install /home/adorjan/github/mecanumbot/build/mecanumbot
[0.747s] -- Install configuration: ""
[0.747s] -- Installing: /home/adorjan/github/mecanumbot/install/mecanumbot/share/ament_index/resource_index/package_run_dependencies/mecanumbot
[0.747s] -- Installing: /home/adorjan/github/mecanumbot/install/mecanumbot/share/ament_index/resource_index/parent_prefix_path/mecanumbot
[0.747s] -- Installing: /home/adorjan/github/mecanumbot/install/mecanumbot/share/mecanumbot/environment/ament_prefix_path.sh
[0.747s] -- Installing: /home/adorjan/github/mecanumbot/install/mecanumbot/share/mecanumbot/environment/ament_prefix_path.dsv
[0.747s] -- Installing: /home/adorjan/github/mecanumbot/install/mecanumbot/share/mecanumbot/environment/path.sh
[0.748s] -- Installing: /home/adorjan/github/mecanumbot/install/mecanumbot/share/mecanumbot/environment/path.dsv
[0.748s] -- Installing: /home/adorjan/github/mecanumbot/install/mecanumbot/share/mecanumbot/local_setup.bash
[0.748s] -- Installing: /home/adorjan/github/mecanumbot/install/mecanumbot/share/mecanumbot/local_setup.sh
[0.748s] -- Installing: /home/adorjan/github/mecanumbot/install/mecanumbot/share/mecanumbot/local_setup.zsh
[0.748s] -- Installing: /home/adorjan/github/mecanumbot/install/mecanumbot/share/mecanumbot/local_setup.dsv
[0.748s] -- Installing: /home/adorjan/github/mecanumbot/install/mecanumbot/share/mecanumbot/package.dsv
[0.748s] -- Installing: /home/adorjan/github/mecanumbot/install/mecanumbot/share/ament_index/resource_index/packages/mecanumbot
[0.748s] -- Installing: /home/adorjan/github/mecanumbot/install/mecanumbot/share/mecanumbot/cmake/mecanumbotConfig.cmake
[0.748s] -- Installing: /home/adorjan/github/mecanumbot/install/mecanumbot/share/mecanumbot/cmake/mecanumbotConfig-version.cmake
[0.748s] -- Installing: /home/adorjan/github/mecanumbot/install/mecanumbot/share/mecanumbot/package.xml
[0.751s] Invoked command in '/home/adorjan/github/mecanumbot/build/mecanumbot' returned '0': AMENT_PREFIX_PATH=/home/adorjan/github/mecanumbot/install/mecanumbot_bringup:/home/adorjan/github/mecanumbot/install/mecanumbot_node:/home/adorjan/github/mecanumbot/install/mecanumbot_ledgui:/home/adorjan/github/mecanumbot/install/mecanumbot_led:/home/adorjan/github/mecanumbot/install/mecanumbot_teleop:/home/adorjan/github/mecanumbot/install/mecanumbot_msgs:/home/adorjan/github/mecanumbot/install/mecanumbot_description:${AMENT_PREFIX_PATH} CMAKE_PREFIX_PATH=/home/adorjan/github/mecanumbot/install/mecanumbot_bringup:/home/adorjan/github/mecanumbot/install/mecanumbot_node:/home/adorjan/github/mecanumbot/install/mecanumbot_msgs:/home/adorjan/github/mecanumbot/install/mecanumbot_description:/opt/ros/humble LD_LIBRARY_PATH=/home/adorjan/github/mecanumbot/install/mecanumbot_msgs/lib:/opt/ros/humble/opt/rviz_ogre_vendor/lib:/opt/ros/humble/lib/x86_64-linux-gnu:/opt/ros/humble/lib:/usr/lib/x86_64-linux-gnu/gazebo-11/plugins PYTHONPATH=/home/adorjan/github/mecanumbot/install/mecanumbot_ledgui/lib/python3.10/site-packages:/home/adorjan/github/mecanumbot/install/mecanumbot_led/lib/python3.10/site-packages:/home/adorjan/github/mecanumbot/install/mecanumbot_teleop/lib/python3.10/site-packages:/home/adorjan/github/mecanumbot/install/mecanumbot_msgs/local/lib/python3.10/dist-packages:${PYTHONPATH} /usr/bin/cmake --install /home/adorjan/github/mecanumbot/build/mecanumbot
