[ 85%] Built target mecanumbot_node_lib
[100%] Built target mecanumbot_ros
-- Install configuration: ""
-- Up-to-date: /home/adorjan/github/mecanumbot/install/mecanumbot_node/share/mecanumbot_node/param
-- Up-to-date: /home/adorjan/github/mecanumbot/install/mecanumbot_node/share/mecanumbot_node/param/mecanumbot.yaml
-- Up-to-date: /home/adorjan/github/mecanumbot/install/mecanumbot_node/lib/mecanumbot_node/mecanumbot_ros
-- Up-to-date: /home/adorjan/github/mecanumbot/install/mecanumbot_node/share/ament_index/resource_index/package_run_dependencies/mecanumbot_node
-- Up-to-date: /home/adorjan/github/mecanumbot/install/mecanumbot_node/share/ament_index/resource_index/parent_prefix_path/mecanumbot_node
-- Up-to-date: /home/adorjan/github/mecanumbot/install/mecanumbot_node/share/mecanumbot_node/environment/ament_prefix_path.sh
-- Up-to-date: /home/adorjan/github/mecanumbot/install/mecanumbot_node/share/mecanumbot_node/environment/ament_prefix_path.dsv
-- Up-to-date: /home/adorjan/github/mecanumbot/install/mecanumbot_node/share/mecanumbot_node/environment/path.sh
-- Up-to-date: /home/adorjan/github/mecanumbot/install/mecanumbot_node/share/mecanumbot_node/environment/path.dsv
-- Up-to-date: /home/adorjan/github/mecanumbot/install/mecanumbot_node/share/mecanumbot_node/local_setup.bash
-- Up-to-date: /home/adorjan/github/mecanumbot/install/mecanumbot_node/share/mecanumbot_node/local_setup.sh
-- Up-to-date: /home/adorjan/github/mecanumbot/install/mecanumbot_node/share/mecanumbot_node/local_setup.zsh
-- Up-to-date: /home/adorjan/github/mecanumbot/install/mecanumbot_node/share/mecanumbot_node/local_setup.dsv
-- Installing: /home/adorjan/github/mecanumbot/install/mecanumbot_node/share/mecanumbot_node/package.dsv
-- Up-to-date: /home/adorjan/github/mecanumbot/install/mecanumbot_node/share/ament_index/resource_index/packages/mecanumbot_node
-- Up-to-date: /home/adorjan/github/mecanumbot/install/mecanumbot_node/share/mecanumbot_node/cmake/ament_cmake_export_dependencies-extras.cmake
-- Up-to-date: /home/adorjan/github/mecanumbot/install/mecanumbot_node/share/mecanumbot_node/cmake/ament_cmake_export_include_directories-extras.cmake
-- Up-to-date: /home/adorjan/github/mecanumbot/install/mecanumbot_node/share/mecanumbot_node/cmake/mecanumbot_nodeConfig.cmake
-- Up-to-date: /home/adorjan/github/mecanumbot/install/mecanumbot_node/share/mecanumbot_node/cmake/mecanumbot_nodeConfig-version.cmake
-- Up-to-date: /home/adorjan/github/mecanumbot/install/mecanumbot_node/share/mecanumbot_node/package.xml
