-- The C compiler identification is GNU 11.4.0
-- The CXX compiler identification is GNU 11.4.0
-- Detecting C compiler ABI info
-- Detecting C compiler ABI info - done
-- Check for working C compiler: /usr/bin/cc - skipped
-- Detecting C compile features
-- Detecting C compile features - done
-- Detecting CXX compiler ABI info
-- Detecting CXX compiler ABI info - done
-- Check for working CXX compiler: /usr/bin/c++ - skipped
-- Detecting CXX compile features
-- Detecting CXX compile features - done
-- Found ament_cmake: 1.3.12 (/opt/ros/humble/share/ament_cmake/cmake)
-- Found Python3: /usr/bin/python3 (found version "3.10.12") found components: Interpreter 
-- Found dynamixel_sdk: 3.8.4 (/opt/ros/humble/share/dynamixel_sdk/cmake)
-- Found geometry_msgs: 4.9.0 (/opt/ros/humble/share/geometry_msgs/cmake)
-- Found rosidl_generator_c: 3.1.7 (/opt/ros/humble/share/rosidl_generator_c/cmake)
-- Found rosidl_adapter: 3.1.7 (/opt/ros/humble/share/rosidl_adapter/cmake)
-- Found rosidl_generator_cpp: 3.1.7 (/opt/ros/humble/share/rosidl_generator_cpp/cmake)
-- Using all available rosidl_typesupport_c: rosidl_typesupport_fastrtps_c;rosidl_typesupport_introspection_c
-- Using all available rosidl_typesupport_cpp: rosidl_typesupport_fastrtps_cpp;rosidl_typesupport_introspection_cpp
-- Found message_filters: 4.3.8 (/opt/ros/humble/share/message_filters/cmake)
-- Found rmw_implementation_cmake: 6.1.2 (/opt/ros/humble/share/rmw_implementation_cmake/cmake)
-- Found rmw_fastrtps_cpp: 6.2.8 (/opt/ros/humble/share/rmw_fastrtps_cpp/cmake)
-- Found OpenSSL: /usr/lib/x86_64-linux-gnu/libcrypto.so (found version "3.0.2")  
-- Found FastRTPS: /opt/ros/humble/include  
-- Using RMW implementation 'rmw_fastrtps_cpp' as default
-- Looking for pthread.h
-- Looking for pthread.h - found
-- Performing Test CMAKE_HAVE_LIBC_PTHREAD
-- Performing Test CMAKE_HAVE_LIBC_PTHREAD - Success
-- Found Threads: TRUE  
-- Found nav_msgs: 4.9.0 (/opt/ros/humble/share/nav_msgs/cmake)
-- Found sensor_msgs: 4.9.0 (/opt/ros/humble/share/sensor_msgs/cmake)
-- Found std_srvs: 4.9.0 (/opt/ros/humble/share/std_srvs/cmake)
-- Found tf2: 0.25.16 (/opt/ros/humble/share/tf2/cmake)
-- Found tf2_ros: 0.25.16 (/opt/ros/humble/share/tf2_ros/cmake)
-- Found mecanumbot_msgs: 0.0.1 (/home/adorjan/github/mecanumbot/install/mecanumbot_msgs/share/mecanumbot_msgs/cmake)
-- Found turtlebot3_msgs: 2.4.0 (/opt/ros/humble/share/turtlebot3_msgs/cmake)
-- Configuring done
-- Generating done
-- Build files have been written to: /home/adorjan/github/mecanumbot/build/mecanumbot_node
[ 28%] [32mBuilding CXX object CMakeFiles/mecanumbot_node_lib.dir/src/devices/sound.cpp.o[0m
[ 28%] [32mBuilding CXX object CMakeFiles/mecanumbot_node_lib.dir/src/odometry.cpp.o[0m
[ 42%] [32mBuilding CXX object CMakeFiles/mecanumbot_node_lib.dir/src/devices/reset.cpp.o[0m
[ 28%] [32mBuilding CXX object CMakeFiles/mecanumbot_node_lib.dir/src/diff_drive_controller.cpp.o[0m
[ 42%] [32mBuilding CXX object CMakeFiles/mecanumbot_node_lib.dir/src/devices/motor_power.cpp.o[0m
[ 50%] [32mBuilding CXX object CMakeFiles/mecanumbot_node_lib.dir/src/dynamixel_sdk_wrapper.cpp.o[0m
[ 50%] [32mBuilding CXX object CMakeFiles/mecanumbot_node_lib.dir/src/turtlebot3.cpp.o[0m
[ 57%] [32mBuilding CXX object CMakeFiles/mecanumbot_node_lib.dir/src/sensors/battery_state.cpp.o[0m
[ 64%] [32mBuilding CXX object CMakeFiles/mecanumbot_node_lib.dir/src/sensors/imu.cpp.o[0m
[ 71%] [32mBuilding CXX object CMakeFiles/mecanumbot_node_lib.dir/src/sensors/joint_state.cpp.o[0m
[ 78%] [32mBuilding CXX object CMakeFiles/mecanumbot_node_lib.dir/src/sensors/sensor_state.cpp.o[0m
[ 85%] [32m[1mLinking CXX static library libmecanumbot_node_lib.a[0m
[ 85%] Built target mecanumbot_node_lib
[ 92%] [32mBuilding CXX object CMakeFiles/mecanumbot_ros.dir/src/node_main.cpp.o[0m
[100%] [32m[1mLinking CXX executable mecanumbot_ros[0m
[100%] Built target mecanumbot_ros
-- Install configuration: ""
-- Up-to-date: /home/adorjan/github/mecanumbot/install/mecanumbot_node/share/mecanumbot_node/param
-- Up-to-date: /home/adorjan/github/mecanumbot/install/mecanumbot_node/share/mecanumbot_node/param/mecanumbot.yaml
-- Installing: /home/adorjan/github/mecanumbot/install/mecanumbot_node/lib/mecanumbot_node/mecanumbot_ros
-- Set runtime path of "/home/adorjan/github/mecanumbot/install/mecanumbot_node/lib/mecanumbot_node/mecanumbot_ros" to ""
-- Installing: /home/adorjan/github/mecanumbot/install/mecanumbot_node/share/ament_index/resource_index/package_run_dependencies/mecanumbot_node
-- Installing: /home/adorjan/github/mecanumbot/install/mecanumbot_node/share/ament_index/resource_index/parent_prefix_path/mecanumbot_node
-- Installing: /home/adorjan/github/mecanumbot/install/mecanumbot_node/share/mecanumbot_node/environment/ament_prefix_path.sh
-- Installing: /home/adorjan/github/mecanumbot/install/mecanumbot_node/share/mecanumbot_node/environment/ament_prefix_path.dsv
-- Installing: /home/adorjan/github/mecanumbot/install/mecanumbot_node/share/mecanumbot_node/environment/path.sh
-- Installing: /home/adorjan/github/mecanumbot/install/mecanumbot_node/share/mecanumbot_node/environment/path.dsv
-- Installing: /home/adorjan/github/mecanumbot/install/mecanumbot_node/share/mecanumbot_node/local_setup.bash
-- Installing: /home/adorjan/github/mecanumbot/install/mecanumbot_node/share/mecanumbot_node/local_setup.sh
-- Installing: /home/adorjan/github/mecanumbot/install/mecanumbot_node/share/mecanumbot_node/local_setup.zsh
-- Installing: /home/adorjan/github/mecanumbot/install/mecanumbot_node/share/mecanumbot_node/local_setup.dsv
-- Installing: /home/adorjan/github/mecanumbot/install/mecanumbot_node/share/mecanumbot_node/package.dsv
-- Installing: /home/adorjan/github/mecanumbot/install/mecanumbot_node/share/ament_index/resource_index/packages/mecanumbot_node
-- Installing: /home/adorjan/github/mecanumbot/install/mecanumbot_node/share/mecanumbot_node/cmake/ament_cmake_export_dependencies-extras.cmake
-- Installing: /home/adorjan/github/mecanumbot/install/mecanumbot_node/share/mecanumbot_node/cmake/ament_cmake_export_include_directories-extras.cmake
-- Installing: /home/adorjan/github/mecanumbot/install/mecanumbot_node/share/mecanumbot_node/cmake/mecanumbot_nodeConfig.cmake
-- Installing: /home/adorjan/github/mecanumbot/install/mecanumbot_node/share/mecanumbot_node/cmake/mecanumbot_nodeConfig-version.cmake
-- Up-to-date: /home/adorjan/github/mecanumbot/install/mecanumbot_node/share/mecanumbot_node/package.xml
