[0.009s] Invoking command in '/home/adorjan/github/mecanumbot/build/mecanumbot_bringup': CMAKE_PREFIX_PATH=/home/adorjan/github/mecanumbot/install/mecanumbot_node:/home/adorjan/github/mecanumbot/install/mecanumbot_msgs:/home/adorjan/github/mecanumbot/install/mecanumbot_description:/home/adorjan/github/mecanumbot/install/mecanumbot:/home/adorjan/github/mecanumbot/install/mecanumbot_bringup:/home/adorjan/github/mecanumbot/install/mecanumbot_teleop:/home/adorjan/github/mecanumbot/install/mecanumbot_ledgui:/home/adorjan/github/mecanumbot/install/mecanumbot_led:/opt/ros/humble LD_LIBRARY_PATH=/home/adorjan/github/mecanumbot/install/mecanumbot_msgs/lib:/opt/ros/humble/opt/rviz_ogre_vendor/lib:/opt/ros/humble/lib/x86_64-linux-gnu:/opt/ros/humble/lib:/usr/lib/x86_64-linux-gnu/gazebo-11/plugins /usr/bin/cmake --build /home/adorjan/github/mecanumbot/build/mecanumbot_bringup -- -j8 -l8
[0.042s] Invoked command in '/home/adorjan/github/mecanumbot/build/mecanumbot_bringup' returned '0': CMAKE_PREFIX_PATH=/home/adorjan/github/mecanumbot/install/mecanumbot_node:/home/adorjan/github/mecanumbot/install/mecanumbot_msgs:/home/adorjan/github/mecanumbot/install/mecanumbot_description:/home/adorjan/github/mecanumbot/install/mecanumbot:/home/adorjan/github/mecanumbot/install/mecanumbot_bringup:/home/adorjan/github/mecanumbot/install/mecanumbot_teleop:/home/adorjan/github/mecanumbot/install/mecanumbot_ledgui:/home/adorjan/github/mecanumbot/install/mecanumbot_led:/opt/ros/humble LD_LIBRARY_PATH=/home/adorjan/github/mecanumbot/install/mecanumbot_msgs/lib:/opt/ros/humble/opt/rviz_ogre_vendor/lib:/opt/ros/humble/lib/x86_64-linux-gnu:/opt/ros/humble/lib:/usr/lib/x86_64-linux-gnu/gazebo-11/plugins /usr/bin/cmake --build /home/adorjan/github/mecanumbot/build/mecanumbot_bringup -- -j8 -l8
[0.043s] Invoking command in '/home/adorjan/github/mecanumbot/build/mecanumbot_bringup': CMAKE_PREFIX_PATH=/home/adorjan/github/mecanumbot/install/mecanumbot_node:/home/adorjan/github/mecanumbot/install/mecanumbot_msgs:/home/adorjan/github/mecanumbot/install/mecanumbot_description:/home/adorjan/github/mecanumbot/install/mecanumbot:/home/adorjan/github/mecanumbot/install/mecanumbot_bringup:/home/adorjan/github/mecanumbot/install/mecanumbot_teleop:/home/adorjan/github/mecanumbot/install/mecanumbot_ledgui:/home/adorjan/github/mecanumbot/install/mecanumbot_led:/opt/ros/humble LD_LIBRARY_PATH=/home/adorjan/github/mecanumbot/install/mecanumbot_msgs/lib:/opt/ros/humble/opt/rviz_ogre_vendor/lib:/opt/ros/humble/lib/x86_64-linux-gnu:/opt/ros/humble/lib:/usr/lib/x86_64-linux-gnu/gazebo-11/plugins /usr/bin/cmake --install /home/adorjan/github/mecanumbot/build/mecanumbot_bringup
[0.051s] -- Install configuration: ""
[0.051s] -- Up-to-date: /home/adorjan/github/mecanumbot/install/mecanumbot_bringup/share/mecanumbot_bringup/launch
[0.051s] -- Up-to-date: /home/adorjan/github/mecanumbot/install/mecanumbot_bringup/share/mecanumbot_bringup/launch/robot.launch.py
[0.051s] -- Up-to-date: /home/adorjan/github/mecanumbot/install/mecanumbot_bringup/share/mecanumbot_bringup/launch/mecanumbot_state_publisher.launch.py
[0.051s] -- Up-to-date: /home/adorjan/github/mecanumbot/install/mecanumbot_bringup/share/mecanumbot_bringup/launch/camera.launch.py
[0.051s] -- Up-to-date: /home/adorjan/github/mecanumbot/install/mecanumbot_bringup/share/mecanumbot_bringup/launch/rviz2.launch.py
[0.051s] -- Up-to-date: /home/adorjan/github/mecanumbot/install/mecanumbot_bringup/share/mecanumbot_bringup/param
[0.051s] -- Up-to-date: /home/adorjan/github/mecanumbot/install/mecanumbot_bringup/share/mecanumbot_bringup/param/humble
[0.052s] -- Up-to-date: /home/adorjan/github/mecanumbot/install/mecanumbot_bringup/share/mecanumbot_bringup/param/humble/mecanumbot.yaml
[0.052s] -- Up-to-date: /home/adorjan/github/mecanumbot/install/mecanumbot_bringup/share/mecanumbot_bringup/script
[0.052s] -- Up-to-date: /home/adorjan/github/mecanumbot/install/mecanumbot_bringup/share/mecanumbot_bringup/script/90_mecanumbot_nano.rules
[0.052s] -- Up-to-date: /home/adorjan/github/mecanumbot/install/mecanumbot_bringup/share/mecanumbot_bringup/script/99-turtlebot3-cdc.rules
[0.052s] -- Up-to-date: /home/adorjan/github/mecanumbot/install/mecanumbot_bringup/share/ament_index/resource_index/package_run_dependencies/mecanumbot_bringup
[0.052s] -- Up-to-date: /home/adorjan/github/mecanumbot/install/mecanumbot_bringup/share/ament_index/resource_index/parent_prefix_path/mecanumbot_bringup
[0.052s] -- Up-to-date: /home/adorjan/github/mecanumbot/install/mecanumbot_bringup/share/mecanumbot_bringup/environment/ament_prefix_path.sh
[0.052s] -- Up-to-date: /home/adorjan/github/mecanumbot/install/mecanumbot_bringup/share/mecanumbot_bringup/environment/ament_prefix_path.dsv
[0.052s] -- Up-to-date: /home/adorjan/github/mecanumbot/install/mecanumbot_bringup/share/mecanumbot_bringup/environment/path.sh
[0.052s] -- Up-to-date: /home/adorjan/github/mecanumbot/install/mecanumbot_bringup/share/mecanumbot_bringup/environment/path.dsv
[0.052s] -- Up-to-date: /home/adorjan/github/mecanumbot/install/mecanumbot_bringup/share/mecanumbot_bringup/local_setup.bash
[0.052s] -- Up-to-date: /home/adorjan/github/mecanumbot/install/mecanumbot_bringup/share/mecanumbot_bringup/local_setup.sh
[0.052s] -- Up-to-date: /home/adorjan/github/mecanumbot/install/mecanumbot_bringup/share/mecanumbot_bringup/local_setup.zsh
[0.053s] -- Up-to-date: /home/adorjan/github/mecanumbot/install/mecanumbot_bringup/share/mecanumbot_bringup/local_setup.dsv
[0.053s] -- Installing: /home/adorjan/github/mecanumbot/install/mecanumbot_bringup/share/mecanumbot_bringup/package.dsv
[0.053s] -- Up-to-date: /home/adorjan/github/mecanumbot/install/mecanumbot_bringup/share/ament_index/resource_index/packages/mecanumbot_bringup
[0.053s] -- Up-to-date: /home/adorjan/github/mecanumbot/install/mecanumbot_bringup/share/mecanumbot_bringup/cmake/mecanumbot_bringupConfig.cmake
[0.053s] -- Up-to-date: /home/adorjan/github/mecanumbot/install/mecanumbot_bringup/share/mecanumbot_bringup/cmake/mecanumbot_bringupConfig-version.cmake
[0.053s] -- Up-to-date: /home/adorjan/github/mecanumbot/install/mecanumbot_bringup/share/mecanumbot_bringup/package.xml
[0.055s] Invoked command in '/home/adorjan/github/mecanumbot/build/mecanumbot_bringup' returned '0': CMAKE_PREFIX_PATH=/home/adorjan/github/mecanumbot/install/mecanumbot_node:/home/adorjan/github/mecanumbot/install/mecanumbot_msgs:/home/adorjan/github/mecanumbot/install/mecanumbot_description:/home/adorjan/github/mecanumbot/install/mecanumbot:/home/adorjan/github/mecanumbot/install/mecanumbot_bringup:/home/adorjan/github/mecanumbot/install/mecanumbot_teleop:/home/adorjan/github/mecanumbot/install/mecanumbot_ledgui:/home/adorjan/github/mecanumbot/install/mecanumbot_led:/opt/ros/humble LD_LIBRARY_PATH=/home/adorjan/github/mecanumbot/install/mecanumbot_msgs/lib:/opt/ros/humble/opt/rviz_ogre_vendor/lib:/opt/ros/humble/lib/x86_64-linux-gnu:/opt/ros/humble/lib:/usr/lib/x86_64-linux-gnu/gazebo-11/plugins /usr/bin/cmake --install /home/adorjan/github/mecanumbot/build/mecanumbot_bringup
