running egg_info
creating ../build/mecanumbot_ledgui/mecanumbot_ledgui.egg-info
writing ../build/mecanumbot_ledgui/mecanumbot_ledgui.egg-info/PKG-INFO
writing dependency_links to ../build/mecanumbot_ledgui/mecanumbot_ledgui.egg-info/dependency_links.txt
writing entry points to ../build/mecanumbot_ledgui/mecanumbot_ledgui.egg-info/entry_points.txt
writing requirements to ../build/mecanumbot_ledgui/mecanumbot_ledgui.egg-info/requires.txt
writing top-level names to ../build/mecanumbot_ledgui/mecanumbot_ledgui.egg-info/top_level.txt
writing manifest file '../build/mecanumbot_ledgui/mecanumbot_ledgui.egg-info/SOURCES.txt'
reading manifest file '../build/mecanumbot_ledgui/mecanumbot_ledgui.egg-info/SOURCES.txt'
writing manifest file '../build/mecanumbot_ledgui/mecanumbot_ledgui.egg-info/SOURCES.txt'
running build
running build_py
creating /home/adorjan/github/mecanumbot/build/mecanumbot_ledgui/build
creating /home/adorjan/github/mecanumbot/build/mecanumbot_ledgui/build/lib
creating /home/adorjan/github/mecanumbot/build/mecanumbot_ledgui/build/lib/mecanumbot_ledgui
copying mecanumbot_ledgui/mecanumbot_ledgui.py -> /home/adorjan/github/mecanumbot/build/mecanumbot_ledgui/build/lib/mecanumbot_ledgui
copying mecanumbot_ledgui/__init__.py -> /home/adorjan/github/mecanumbot/build/mecanumbot_ledgui/build/lib/mecanumbot_ledgui
running install
running install_lib
creating /home/adorjan/github/mecanumbot/install/mecanumbot_ledgui/lib/python3.10/site-packages/mecanumbot_ledgui
copying /home/adorjan/github/mecanumbot/build/mecanumbot_ledgui/build/lib/mecanumbot_ledgui/mecanumbot_ledgui.py -> /home/adorjan/github/mecanumbot/install/mecanumbot_ledgui/lib/python3.10/site-packages/mecanumbot_ledgui
copying /home/adorjan/github/mecanumbot/build/mecanumbot_ledgui/build/lib/mecanumbot_ledgui/__init__.py -> /home/adorjan/github/mecanumbot/install/mecanumbot_ledgui/lib/python3.10/site-packages/mecanumbot_ledgui
byte-compiling /home/adorjan/github/mecanumbot/install/mecanumbot_ledgui/lib/python3.10/site-packages/mecanumbot_ledgui/mecanumbot_ledgui.py to mecanumbot_ledgui.cpython-310.pyc
byte-compiling /home/adorjan/github/mecanumbot/install/mecanumbot_ledgui/lib/python3.10/site-packages/mecanumbot_ledgui/__init__.py to __init__.cpython-310.pyc
running install_data
running install_egg_info
Copying ../build/mecanumbot_ledgui/mecanumbot_ledgui.egg-info to /home/adorjan/github/mecanumbot/install/mecanumbot_ledgui/lib/python3.10/site-packages/mecanumbot_ledgui-0.0.0-py3.10.egg-info
running install_scripts
Installing mecanumbot_ledgui script to /home/adorjan/github/mecanumbot/install/mecanumbot_ledgui/lib/mecanumbot_ledgui
writing list of installed files to '/home/adorjan/github/mecanumbot/build/mecanumbot_ledgui/install.log'
