[0.659s] Invoking command in '/home/adorjan/github/mecanumbot/mecanumbot_led': CMAKE_PREFIX_PATH=/home/adorjan/github/mecanumbot/install/mecanumbot_msgs:/home/adorjan/github/mecanumbot/install/mecanumbot:/home/adorjan/github/mecanumbot/install/mecanumbot_bringup:/home/adorjan/github/mecanumbot/install/mecanumbot_node:/home/adorjan/github/mecanumbot/install/mecanumbot_description LD_LIBRARY_PATH=/home/adorjan/github/mecanumbot/install/mecanumbot_msgs/lib:/opt/ros/humble/opt/rviz_ogre_vendor/lib:/opt/ros/humble/lib/x86_64-linux-gnu:/opt/ros/humble/lib:/usr/lib/x86_64-linux-gnu/gazebo-11/plugins PYTHONPATH=/home/adorjan/github/mecanumbot/build/mecanumbot_led/prefix_override:/usr/lib/python3/dist-packages/colcon_core/task/python/colcon_distutils_commands:/home/adorjan/github/mecanumbot/install/mecanumbot_led/lib/python3.10/site-packages:${PYTHONPATH} /usr/bin/python3 -W ignore:setup.py install is deprecated -W ignore:easy_install command is deprecated setup.py egg_info --egg-base ../build/mecanumbot_led build --build-base /home/adorjan/github/mecanumbot/build/mecanumbot_led/build install --record /home/adorjan/github/mecanumbot/build/mecanumbot_led/install.log --single-version-externally-managed install_data
[0.853s] running egg_info
[0.853s] writing ../build/mecanumbot_led/mecanumbot_led.egg-info/PKG-INFO
[0.853s] writing dependency_links to ../build/mecanumbot_led/mecanumbot_led.egg-info/dependency_links.txt
[0.853s] writing entry points to ../build/mecanumbot_led/mecanumbot_led.egg-info/entry_points.txt
[0.853s] writing requirements to ../build/mecanumbot_led/mecanumbot_led.egg-info/requires.txt
[0.854s] writing top-level names to ../build/mecanumbot_led/mecanumbot_led.egg-info/top_level.txt
[0.855s] reading manifest file '../build/mecanumbot_led/mecanumbot_led.egg-info/SOURCES.txt'
[0.856s] writing manifest file '../build/mecanumbot_led/mecanumbot_led.egg-info/SOURCES.txt'
[0.856s] running build
[0.856s] running build_py
[0.857s] running install
[0.857s] running install_lib
[0.859s] running install_data
[0.859s] running install_egg_info
[0.861s] removing '/home/adorjan/github/mecanumbot/install/mecanumbot_led/lib/python3.10/site-packages/mecanumbot_led-0.0.1-py3.10.egg-info' (and everything under it)
[0.861s] Copying ../build/mecanumbot_led/mecanumbot_led.egg-info to /home/adorjan/github/mecanumbot/install/mecanumbot_led/lib/python3.10/site-packages/mecanumbot_led-0.0.1-py3.10.egg-info
[0.862s] running install_scripts
[0.880s] Installing mecanumbot_led_service script to /home/adorjan/github/mecanumbot/install/mecanumbot_led/lib/mecanumbot_led
[0.880s] writing list of installed files to '/home/adorjan/github/mecanumbot/build/mecanumbot_led/install.log'
[0.904s] Invoked command in '/home/adorjan/github/mecanumbot/mecanumbot_led' returned '0': CMAKE_PREFIX_PATH=/home/adorjan/github/mecanumbot/install/mecanumbot_msgs:/home/adorjan/github/mecanumbot/install/mecanumbot:/home/adorjan/github/mecanumbot/install/mecanumbot_bringup:/home/adorjan/github/mecanumbot/install/mecanumbot_node:/home/adorjan/github/mecanumbot/install/mecanumbot_description LD_LIBRARY_PATH=/home/adorjan/github/mecanumbot/install/mecanumbot_msgs/lib:/opt/ros/humble/opt/rviz_ogre_vendor/lib:/opt/ros/humble/lib/x86_64-linux-gnu:/opt/ros/humble/lib:/usr/lib/x86_64-linux-gnu/gazebo-11/plugins PYTHONPATH=/home/adorjan/github/mecanumbot/build/mecanumbot_led/prefix_override:/usr/lib/python3/dist-packages/colcon_core/task/python/colcon_distutils_commands:/home/adorjan/github/mecanumbot/install/mecanumbot_led/lib/python3.10/site-packages:${PYTHONPATH} /usr/bin/python3 -W ignore:setup.py install is deprecated -W ignore:easy_install command is deprecated setup.py egg_info --egg-base ../build/mecanumbot_led build --build-base /home/adorjan/github/mecanumbot/build/mecanumbot_led/build install --record /home/adorjan/github/mecanumbot/build/mecanumbot_led/install.log --single-version-externally-managed install_data
