[0.011s] Invoking command in '/home/adorjan/github/mecanumbot/build/mecanumbot_description': CMAKE_PREFIX_PATH=/opt/ros/humble /usr/bin/cmake /home/adorjan/github/mecanumbot/mecanumbot_description -DCMAKE_INSTALL_PREFIX=/home/adorjan/github/mecanumbot/install/mecanumbot_description
[0.121s] -- The C compiler identification is GNU 11.4.0
[0.204s] -- The CXX compiler identification is GNU 11.4.0
[0.212s] -- Detecting C compiler ABI info
[0.264s] -- Detecting C compiler ABI info - done
[0.269s] -- Check for working C compiler: /usr/bin/cc - skipped
[0.269s] -- Detecting C compile features
[0.270s] -- Detecting C compile features - done
[0.273s] -- Detecting CXX compiler ABI info
[0.329s] -- Detecting CXX compiler ABI info - done
[0.334s] -- Check for working CXX compiler: /usr/bin/c++ - skipped
[0.334s] -- Detecting CXX compile features
[0.335s] -- Detecting CXX compile features - done
[0.339s] -- Found ament_cmake: 1.3.12 (/opt/ros/humble/share/ament_cmake/cmake)
[0.444s] -- Found Python3: /usr/bin/python3 (found version "3.10.12") found components: Interpreter 
[0.524s] -- Found urdf: 2.6.1 (/opt/ros/humble/share/urdf/cmake)
[0.626s] -- Configuring done
[0.628s] -- Generating done
[0.629s] -- Build files have been written to: /home/adorjan/github/mecanumbot/build/mecanumbot_description
[0.634s] Invoked command in '/home/adorjan/github/mecanumbot/build/mecanumbot_description' returned '0': CMAKE_PREFIX_PATH=/opt/ros/humble /usr/bin/cmake /home/adorjan/github/mecanumbot/mecanumbot_description -DCMAKE_INSTALL_PREFIX=/home/adorjan/github/mecanumbot/install/mecanumbot_description
[0.635s] Invoking command in '/home/adorjan/github/mecanumbot/build/mecanumbot_description': CMAKE_PREFIX_PATH=/opt/ros/humble /usr/bin/cmake --build /home/adorjan/github/mecanumbot/build/mecanumbot_description -- -j8 -l8
[0.661s] Invoked command in '/home/adorjan/github/mecanumbot/build/mecanumbot_description' returned '0': CMAKE_PREFIX_PATH=/opt/ros/humble /usr/bin/cmake --build /home/adorjan/github/mecanumbot/build/mecanumbot_description -- -j8 -l8
[0.669s] Invoking command in '/home/adorjan/github/mecanumbot/build/mecanumbot_description': CMAKE_PREFIX_PATH=/opt/ros/humble /usr/bin/cmake --install /home/adorjan/github/mecanumbot/build/mecanumbot_description
[0.674s] -- Install configuration: ""
[0.674s] -- Up-to-date: /home/adorjan/github/mecanumbot/install/mecanumbot_description/share/mecanumbot_description/meshes
[0.674s] -- Installing: /home/adorjan/github/mecanumbot/install/mecanumbot_description/share/mecanumbot_description/meshes/wheel.STL
[0.674s] -- Installing: /home/adorjan/github/mecanumbot/install/mecanumbot_description/share/mecanumbot_description/meshes/arm.STL
[0.674s] -- Installing: /home/adorjan/github/mecanumbot/install/mecanumbot_description/share/mecanumbot_description/meshes/arm_left.STL
[0.674s] -- Installing: /home/adorjan/github/mecanumbot/install/mecanumbot_description/share/mecanumbot_description/meshes/base.STL
[0.691s] -- Installing: /home/adorjan/github/mecanumbot/install/mecanumbot_description/share/mecanumbot_description/meshes/lds.stl
[0.691s] -- Installing: /home/adorjan/github/mecanumbot/install/mecanumbot_description/share/mecanumbot_description/meshes/arm_right.STL
[0.691s] -- Installing: /home/adorjan/github/mecanumbot/install/mecanumbot_description/share/mecanumbot_description/meshes/head.STL
[0.691s] -- Up-to-date: /home/adorjan/github/mecanumbot/install/mecanumbot_description/share/mecanumbot_description/meshes/3Dparts
[0.691s] -- Installing: /home/adorjan/github/mecanumbot/install/mecanumbot_description/share/mecanumbot_description/meshes/3Dparts/omniwheel_adapter.stl
[0.703s] -- Installing: /home/adorjan/github/mecanumbot/install/mecanumbot_description/share/mecanumbot_description/meshes/3Dparts/grabbermount_rear.stl
[0.703s] -- Installing: /home/adorjan/github/mecanumbot/install/mecanumbot_description/share/mecanumbot_description/meshes/3Dparts/cam_bridge.stl
[0.704s] -- Installing: /home/adorjan/github/mecanumbot/install/mecanumbot_description/share/mecanumbot_description/meshes/3Dparts/diffuser.stl
[0.704s] -- Installing: /home/adorjan/github/mecanumbot/install/mecanumbot_description/share/mecanumbot_description/meshes/3Dparts/grabbermount_front.stl
[0.705s] -- Up-to-date: /home/adorjan/github/mecanumbot/install/mecanumbot_description/share/mecanumbot_description/rviz
[0.705s] -- Installing: /home/adorjan/github/mecanumbot/install/mecanumbot_description/share/mecanumbot_description/rviz/model.rviz
[0.705s] -- Up-to-date: /home/adorjan/github/mecanumbot/install/mecanumbot_description/share/mecanumbot_description/urdf
[0.705s] -- Up-to-date: /home/adorjan/github/mecanumbot/install/mecanumbot_description/share/mecanumbot_description/urdf/mecanumbot.urdf
[0.705s] -- Installing: /home/adorjan/github/mecanumbot/install/mecanumbot_description/share/mecanumbot_description/urdf/common_properties.urdf
[0.705s] -- Installing: /home/adorjan/github/mecanumbot/install/mecanumbot_description/share/ament_index/resource_index/package_run_dependencies/mecanumbot_description
[0.705s] -- Installing: /home/adorjan/github/mecanumbot/install/mecanumbot_description/share/ament_index/resource_index/parent_prefix_path/mecanumbot_description
[0.705s] -- Installing: /home/adorjan/github/mecanumbot/install/mecanumbot_description/share/mecanumbot_description/environment/ament_prefix_path.sh
[0.705s] -- Installing: /home/adorjan/github/mecanumbot/install/mecanumbot_description/share/mecanumbot_description/environment/ament_prefix_path.dsv
[0.705s] -- Installing: /home/adorjan/github/mecanumbot/install/mecanumbot_description/share/mecanumbot_description/environment/path.sh
[0.705s] -- Installing: /home/adorjan/github/mecanumbot/install/mecanumbot_description/share/mecanumbot_description/environment/path.dsv
[0.705s] -- Installing: /home/adorjan/github/mecanumbot/install/mecanumbot_description/share/mecanumbot_description/local_setup.bash
[0.705s] -- Installing: /home/adorjan/github/mecanumbot/install/mecanumbot_description/share/mecanumbot_description/local_setup.sh
[0.706s] -- Installing: /home/adorjan/github/mecanumbot/install/mecanumbot_description/share/mecanumbot_description/local_setup.zsh
[0.706s] -- Installing: /home/adorjan/github/mecanumbot/install/mecanumbot_description/share/mecanumbot_description/local_setup.dsv
[0.706s] -- Installing: /home/adorjan/github/mecanumbot/install/mecanumbot_description/share/mecanumbot_description/package.dsv
[0.706s] -- Installing: /home/adorjan/github/mecanumbot/install/mecanumbot_description/share/ament_index/resource_index/packages/mecanumbot_description
[0.706s] -- Installing: /home/adorjan/github/mecanumbot/install/mecanumbot_description/share/mecanumbot_description/cmake/mecanumbot_descriptionConfig.cmake
[0.706s] -- Installing: /home/adorjan/github/mecanumbot/install/mecanumbot_description/share/mecanumbot_description/cmake/mecanumbot_descriptionConfig-version.cmake
[0.706s] -- Installing: /home/adorjan/github/mecanumbot/install/mecanumbot_description/share/mecanumbot_description/package.xml
[0.708s] Invoked command in '/home/adorjan/github/mecanumbot/build/mecanumbot_description' returned '0': CMAKE_PREFIX_PATH=/opt/ros/humble /usr/bin/cmake --install /home/adorjan/github/mecanumbot/build/mecanumbot_description
